Archive member included to satisfy reference by file (symbol)

/rbd/pnpm-volume/47620bc9-8017-4d86-9aab-1c45b15b7d12/glibc-2.25/build/elf/rtld-libc.a(rtld-check_fds.os)
                              /rbd/pnpm-volume/47620bc9-8017-4d86-9aab-1c45b15b7d12/glibc-2.25/build/elf/dl-allobjs.os (__libc_check_standard_fds)
/rbd/pnpm-volume/47620bc9-8017-4d86-9aab-1c45b15b7d12/glibc-2.25/build/elf/rtld-libc.a(rtld-errno.os)
                              /rbd/pnpm-volume/47620bc9-8017-4d86-9aab-1c45b15b7d12/glibc-2.25/build/elf/dl-allobjs.os (rtld_errno)
/rbd/pnpm-volume/47620bc9-8017-4d86-9aab-1c45b15b7d12/glibc-2.25/build/elf/rtld-libc.a(rtld-closedir.os)
                              /rbd/pnpm-volume/47620bc9-8017-4d86-9aab-1c45b15b7d12/glibc-2.25/build/elf/dl-allobjs.os (__closedir)
/rbd/pnpm-volume/47620bc9-8017-4d86-9aab-1c45b15b7d12/glibc-2.25/build/elf/rtld-libc.a(rtld-readdir.os)
                              /rbd/pnpm-volume/47620bc9-8017-4d86-9aab-1c45b15b7d12/glibc-2.25/build/elf/dl-allobjs.os (__readdir)
/rbd/pnpm-volume/47620bc9-8017-4d86-9aab-1c45b15b7d12/glibc-2.25/build/elf/rtld-libc.a(rtld-rewinddir.os)
                              /rbd/pnpm-volume/47620bc9-8017-4d86-9aab-1c45b15b7d12/glibc-2.25/build/elf/dl-allobjs.os (__rewinddir)
/rbd/pnpm-volume/47620bc9-8017-4d86-9aab-1c45b15b7d12/glibc-2.25/build/elf/rtld-libc.a(rtld-getdents.os)
                              /rbd/pnpm-volume/47620bc9-8017-4d86-9aab-1c45b15b7d12/glibc-2.25/build/elf/rtld-libc.a(rtld-readdir.os) (__getdents)
/rbd/pnpm-volume/47620bc9-8017-4d86-9aab-1c45b15b7d12/glibc-2.25/build/elf/rtld-libc.a(rtld-fdopendir.os)
                              /rbd/pnpm-volume/47620bc9-8017-4d86-9aab-1c45b15b7d12/glibc-2.25/build/elf/dl-allobjs.os (__fdopendir)
/rbd/pnpm-volume/47620bc9-8017-4d86-9aab-1c45b15b7d12/glibc-2.25/build/elf/rtld-libc.a(rtld-dl-addr-obj.os)
                              /rbd/pnpm-volume/47620bc9-8017-4d86-9aab-1c45b15b7d12/glibc-2.25/build/elf/dl-allobjs.os (_dl_addr_inside_object)
/rbd/pnpm-volume/47620bc9-8017-4d86-9aab-1c45b15b7d12/glibc-2.25/build/elf/rtld-libc.a(rtld-profil.os)
                              /rbd/pnpm-volume/47620bc9-8017-4d86-9aab-1c45b15b7d12/glibc-2.25/build/elf/dl-allobjs.os (__profil)
/rbd/pnpm-volume/47620bc9-8017-4d86-9aab-1c45b15b7d12/glibc-2.25/build/elf/rtld-libc.a(rtld-prof-freq.os)
                              /rbd/pnpm-volume/47620bc9-8017-4d86-9aab-1c45b15b7d12/glibc-2.25/build/elf/dl-allobjs.os (__profile_frequency)
/rbd/pnpm-volume/47620bc9-8017-4d86-9aab-1c45b15b7d12/glibc-2.25/build/elf/rtld-libc.a(rtld-xstat.os)
                              /rbd/pnpm-volume/47620bc9-8017-4d86-9aab-1c45b15b7d12/glibc-2.25/build/elf/dl-allobjs.os (__GI___xstat64)
/rbd/pnpm-volume/47620bc9-8017-4d86-9aab-1c45b15b7d12/glibc-2.25/build/elf/rtld-libc.a(rtld-fxstat.os)
                              /rbd/pnpm-volume/47620bc9-8017-4d86-9aab-1c45b15b7d12/glibc-2.25/build/elf/dl-allobjs.os (__GI___fxstat64)
/rbd/pnpm-volume/47620bc9-8017-4d86-9aab-1c45b15b7d12/glibc-2.25/build/elf/rtld-libc.a(rtld-lxstat.os)
                              /rbd/pnpm-volume/47620bc9-8017-4d86-9aab-1c45b15b7d12/glibc-2.25/build/elf/dl-allobjs.os (__GI___lxstat64)
/rbd/pnpm-volume/47620bc9-8017-4d86-9aab-1c45b15b7d12/glibc-2.25/build/elf/rtld-libc.a(rtld-open.os)
                              /rbd/pnpm-volume/47620bc9-8017-4d86-9aab-1c45b15b7d12/glibc-2.25/build/elf/dl-allobjs.os (__open)
/rbd/pnpm-volume/47620bc9-8017-4d86-9aab-1c45b15b7d12/glibc-2.25/build/elf/rtld-libc.a(rtld-read.os)
                              /rbd/pnpm-volume/47620bc9-8017-4d86-9aab-1c45b15b7d12/glibc-2.25/build/elf/dl-allobjs.os (__libc_read)
/rbd/pnpm-volume/47620bc9-8017-4d86-9aab-1c45b15b7d12/glibc-2.25/build/elf/rtld-libc.a(rtld-write.os)
                              /rbd/pnpm-volume/47620bc9-8017-4d86-9aab-1c45b15b7d12/glibc-2.25/build/elf/dl-allobjs.os (__libc_write)
/rbd/pnpm-volume/47620bc9-8017-4d86-9aab-1c45b15b7d12/glibc-2.25/build/elf/rtld-libc.a(rtld-lseek64.os)
                              /rbd/pnpm-volume/47620bc9-8017-4d86-9aab-1c45b15b7d12/glibc-2.25/build/elf/dl-allobjs.os (__lseek)
/rbd/pnpm-volume/47620bc9-8017-4d86-9aab-1c45b15b7d12/glibc-2.25/build/elf/rtld-libc.a(rtld-access.os)
                              /rbd/pnpm-volume/47620bc9-8017-4d86-9aab-1c45b15b7d12/glibc-2.25/build/elf/dl-allobjs.os (__access)
/rbd/pnpm-volume/47620bc9-8017-4d86-9aab-1c45b15b7d12/glibc-2.25/build/elf/rtld-libc.a(rtld-fcntl.os)
                              /rbd/pnpm-volume/47620bc9-8017-4d86-9aab-1c45b15b7d12/glibc-2.25/build/elf/rtld-libc.a(rtld-check_fds.os) (__libc_fcntl)
/rbd/pnpm-volume/47620bc9-8017-4d86-9aab-1c45b15b7d12/glibc-2.25/build/elf/rtld-libc.a(rtld-close.os)
                              /rbd/pnpm-volume/47620bc9-8017-4d86-9aab-1c45b15b7d12/glibc-2.25/build/elf/dl-allobjs.os (__close)
/rbd/pnpm-volume/47620bc9-8017-4d86-9aab-1c45b15b7d12/glibc-2.25/build/elf/rtld-libc.a(rtld-mmap.os)
[...]
Memory Configuration

Name             Origin             Length             Attributes
*default*        0x0000000000000000 0xffffffffffffffff

Linker script and memory map

START GROUP
LOAD /rbd/pnpm-volume/47620bc9-8017-4d86-9aab-1c45b15b7d12/glibc-2.25/build/elf/dl-allobjs.os
LOAD /rbd/pnpm-volume/47620bc9-8017-4d86-9aab-1c45b15b7d12/glibc-2.25/build/elf/rtld-libc.a
LOAD /usr/lib/gcc/x86_64-linux-gnu/5/libgcc.a
END GROUP

.interp
 *(.interp)

.note.gnu.build-id
 *(.note.gnu.build-id)

.hash
 *(.hash)

.gnu.hash
 *(.gnu.hash)

.dynsym
 *(.dynsym)

.dynstr
 *(.dynstr)

.gnu.version
 *(.gnu.version)

.gnu.version_d
 *(.gnu.version_d)

.gnu.version_r
 *(.gnu.version_r)

.rela.init
 *(.rela.init)

.rela.text
 *(.rela.text)

.rela.fini
 *(.rela.fini)

.rela.rodata
 *(.rela.rodata)

.rela.data.rel.ro
 *(.rela.data.rel.ro)

.rela.data
 *(.rela.data)

.rela.tdata
 *(.rela.tdata)

.rela.tbss
 *(.rela.tbss)

.rela.ctors
 *(.rela.ctors)

.rela.dtors
 *(.rela.dtors)

.rela.got
 *(.rela.got)

.rela.bss
 *(.rela.bss)

.rela.ldata
 *(.rela.ldata)

.rela.lbss
 *(.rela.lbss)

.rela.lrodata
 *(.rela.lrodata)

.rela.ifunc
 *(.rela.ifunc)

.rela.plt
 *(.rela.plt)

.init
 *(SORT(.init))

.plt
 *(.plt)
 *(.iplt)

.plt.got
 *(.plt.got)

.plt.bnd
 *(.plt.bnd)

.text           0x0000000000000000    0x1afc0
 *(.text .stub)
 .text          0x0000000000000000    0x17ca0 /rbd/pnpm-volume/47620bc9-8017-4d86-9aab-1c45b15b7d12/glibc-2.25/build/elf/dl-allobjs.os
                0x0000000000000000                _start
                0x0000000000000008                _dl_start_user
                0x00000000000066d0                _dl_dst_count
                0x0000000000006780                _dl_dst_substitute
                0x0000000000007080                _dl_init_paths
                0x00000000000074c0                _dl_map_object
                0x0000000000007ec0                _dl_rtld_di_serinfo
                0x0000000000008e20                _dl_lookup_symbol_x
                0x0000000000009ee0                _dl_setup_hash
                0x0000000000009f90                _dl_add_to_namespace_list
                0x000000000000a020                _dl_new_object
                0x000000000000a3c0                _dl_try_allocate_static_tls
                0x000000000000a4a0                _dl_allocate_static_tls
                0x000000000000a4d0                _dl_nothread_init_static_tls
                0x000000000000a510                _dl_protect_relro
                0x000000000000a570                _dl_reloc_bad_type
                0x000000000000a640                _dl_relocate_object
                0x000000000000c050                _dl_map_object_deps
                0x000000000000d2f0                _dl_important_hwcaps
                0x000000000000dac0                _dl_fixup
                0x000000000000dc90                _dl_profile_fixup
                0x000000000000e290                _dl_call_pltexit
                0x000000000000e4c0                _dl_init
                0x000000000000e5f0                _dl_sort_fini
                0x000000000000e830                _dl_fini
                0x000000000000ebc0                _dl_debug_state
                0x000000000000ebc0                __GI__dl_debug_state
                0x000000000000ebd0                _dl_debug_initialize
                0x000000000000f240                _dl_sysdep_read_whole_file
                0x000000000000f2d0                _dl_debug_printf
                0x000000000000f380                _dl_debug_printf_c
                0x000000000000f430                _dl_dprintf
                0x000000000000f4d0                _dl_name_match_p
                0x000000000000f540                _dl_higher_prime_number
                0x000000000000f9c0                _dl_check_map_versions
                0x000000000000fe80                _dl_check_all_versions
                0x000000000000fef0                _dl_start_profile
                0x00000000000106d0                __GI__dl_mcount
                0x00000000000106d0                _dl_mcount
                0x0000000000010930                _dl_resolve_conflicts
                0x0000000000010dc0                _dl_next_tls_modid
                0x0000000000010ec0                _dl_count_modids
                0x0000000000010f20                _dl_determine_tlsoffset
                0x00000000000110f0                _dl_get_tls_static_info
                0x0000000000011110                _dl_allocate_tls_storage
                0x00000000000111d0                __GI__dl_allocate_tls_init
                0x00000000000111d0                _dl_allocate_tls_init
                0x0000000000011450                __GI__dl_allocate_tls
                0x0000000000011450                _dl_allocate_tls
                0x0000000000011490                _dl_deallocate_tls
                0x0000000000011490                __GI__dl_deallocate_tls
                0x0000000000011510                _dl_update_slotinfo
                0x00000000000117a0                __GI___tls_get_addr
                0x00000000000117a0                __tls_get_addr
                0x00000000000117e0                _dl_tls_get_addr_soft
                0x0000000000011860                _dl_add_to_slotinfo
                0x0000000000011940                _dl_get_origin
                0x0000000000011ac0                _dl_scope_free
                0x0000000000011b90                _dl_make_stack_executable
                0x0000000000011b90                __GI__dl_make_stack_executable
                0x0000000000011c20                _dl_check_caller
                0x0000000000012050                __GI__dl_find_dso_for_object
                0x0000000000012050                _dl_find_dso_for_object
                0x0000000000012110                _dl_open
                0x0000000000012520                _dl_show_scope
                0x00000000000130e0                _dl_close_worker
                0x0000000000014040                _dl_close
                0x00000000000140b0                _dl_runtime_resolve_avx512_opt
                0x00000000000140e0                _dl_runtime_resolve_avx512
                0x0000000000014250                _dl_runtime_profile_avx512
                0x00000000000146d0                _dl_runtime_resolve_avx_slow
                0x0000000000014710                _dl_runtime_resolve_avx_opt
                0x0000000000014730                _dl_runtime_resolve_avx
                0x0000000000014890                _dl_runtime_profile_avx
                0x0000000000014d10                _dl_runtime_resolve_sse
                0x0000000000014e50                _dl_runtime_profile_sse
                0x0000000000015050                _dl_runtime_resolve_sse_vex
                0x00000000000151a0                _dl_cache_libcmp
                0x0000000000015280                _dl_load_cache_lookup
                0x0000000000015840                _dl_unload_cache
                0x0000000000015880                _dl_make_tlsdesc_dynamic
                0x0000000000015b50                _dl_tlsdesc_resolve_rela_fixup
                0x0000000000015d10                _dl_tlsdesc_resolve_hold_fixup
                0x0000000000015d50                _dl_unmap
                0x0000000000015dd0                _dl_tlsdesc_return
                0x0000000000015de0                _dl_tlsdesc_undefweak
                0x0000000000015df0                _dl_tlsdesc_dynamic
                0x0000000000015e90                _dl_tlsdesc_resolve_rela
                0x0000000000015f00                _dl_tlsdesc_resolve_hold
                0x0000000000015f80                __get_cpu_features
                0x00000000000160e0                _dl_sysdep_start
                0x00000000000166b0                _dl_sysdep_start_cleanup
                0x00000000000166c0                _dl_show_auxv
                0x0000000000016870                _dl_discover_osversion
                0x0000000000016a40                _dl_next_ld_env_entry
                0x0000000000016a90                unsetenv
                0x0000000000016b00                malloc
                0x0000000000016c10                calloc
                0x0000000000016c50                free
                0x0000000000016c80                __sigjmp_save
                0x0000000000016c90                __strerror_r
                0x0000000000016d70                __GI___libc_fatal
                0x0000000000016d70                __libc_fatal
                0x0000000000016da0                __GI___chk_fail
                0x0000000000016da0                __chk_fail
                0x0000000000016db0                __GI___assert_fail
                0x0000000000016db0                __assert_fail
                0x0000000000016e00                realloc
                0x0000000000016e90                __GI___assert_perror_fail
                0x0000000000016e90                __assert_perror_fail
                0x0000000000016f00                __strtoul_internal
                0x00000000000170d0                _itoa
                0x0000000000017120                __strsep
                0x0000000000017120                strsep
                0x0000000000017120                __strsep_g
                0x00000000000171b0                _dl_signal_error
                0x0000000000017350                _dl_signal_cerror
                0x00000000000173e0                _dl_catch_error
                0x00000000000174b0                _dl_receive_error
                0x00000000000174f0                __brk
                0x00000000000174f0                brk
                0x0000000000017540                sbrk
                0x0000000000017540                __sbrk
                0x00000000000175d0                __getcwd
                0x00000000000175d0                getcwd
                0x0000000000017a30                openat64
                0x0000000000017aa0                __alloc_dir
                0x0000000000017ba0                __opendir
                0x0000000000017ba0                opendir
                0x0000000000017c50                __fxstatat
                0x0000000000017c50                __fxstatat64
                0x0000000000017c50                __GI___fxstatat64
 .text          0x0000000000017ca0       0xf2 /rbd/pnpm-volume/47620bc9-8017-4d86-9aab-1c45b15b7d12/glibc-2.25/build/elf/rtld-libc.a(rtld-check_fds.os)
                0x0000000000017d60                __libc_check_standard_fds
 .text          0x0000000000017d92        0x0 /rbd/pnpm-volume/47620bc9-8017-4d86-9aab-1c45b15b7d12/glibc-2.25/build/elf/rtld-libc.a(rtld-errno.os)
 *fill*         0x0000000000017d92        0xe 
 .text          0x0000000000017da0       0x50 /rbd/pnpm-volume/47620bc9-8017-4d86-9aab-1c45b15b7d12/glibc-2.25/build/elf/rtld-libc.a(rtld-closedir.os)
                0x0000000000017da0                __closedir
                0x0000000000017da0                closedir
 .text          0x0000000000017df0       0x85 /rbd/pnpm-volume/47620bc9-8017-4d86-9aab-1c45b15b7d12/glibc-2.25/build/elf/rtld-libc.a(rtld-readdir.os)
                0x0000000000017df0                readdir
                0x0000000000017df0                __readdir64
                0x0000000000017df0                __readdir
                0x0000000000017df0                readdir64
 *fill*         0x0000000000017e75        0xb 
 .text          0x0000000000017e80       0x30 /rbd/pnpm-volume/47620bc9-8017-4d86-9aab-1c45b15b7d12/glibc-2.25/build/elf/rtld-libc.a(rtld-rewinddir.os)
                0x0000000000017e80                rewinddir
                0x0000000000017e80                __rewinddir
 .text          0x0000000000017eb0       0x89 /rbd/pnpm-volume/47620bc9-8017-4d86-9aab-1c45b15b7d12/glibc-2.25/build/elf/rtld-libc.a(rtld-getdents.os)
                0x0000000000017eb0                __getdents
                0x0000000000017eb0                __getdents64
 *fill*         0x0000000000017f39        0x7 
 .text          0x0000000000017f40       0x8e /rbd/pnpm-volume/47620bc9-8017-4d86-9aab-1c45b15b7d12/glibc-2.25/build/elf/rtld-libc.a(rtld-fdopendir.os)
                0x0000000000017f40                fdopendir
                0x0000000000017f40                __fdopendir
 *fill*         0x0000000000017fce        0x2 
 .text          0x0000000000017fd0       0x53 /rbd/pnpm-volume/47620bc9-8017-4d86-9aab-1c45b15b7d12/glibc-2.25/build/elf/rtld-libc.a(rtld-dl-addr-obj.os)
                0x0000000000017fd0                _dl_addr_inside_object
 *fill*         0x0000000000018023        0xd 
 .text          0x0000000000018030      0x110 /rbd/pnpm-volume/47620bc9-8017-4d86-9aab-1c45b15b7d12/glibc-2.25/build/elf/rtld-libc.a(rtld-profil.os)
                0x0000000000018080                __profil
                0x0000000000018080                profil
 .text          0x0000000000018140        0x7 /rbd/pnpm-volume/47620bc9-8017-4d86-9aab-1c45b15b7d12/glibc-2.25/build/elf/rtld-libc.a(rtld-prof-freq.os)
                0x0000000000018140                __profile_frequency
 *fill*         0x0000000000018147        0x9 
 .text          0x0000000000018150       0x40 /rbd/pnpm-volume/47620bc9-8017-4d86-9aab-1c45b15b7d12/glibc-2.25/build/elf/rtld-libc.a(rtld-xstat.os)
                0x0000000000018150                _xstat
                0x0000000000018150                __xstat64
                0x0000000000018150                __GI___xstat64
                0x0000000000018150                __GI___xstat
                0x0000000000018150                __xstat
 .text          0x0000000000018190       0x40 /rbd/pnpm-volume/47620bc9-8017-4d86-9aab-1c45b15b7d12/glibc-2.25/build/elf/rtld-libc.a(rtld-fxstat.os)
                0x0000000000018190                __GI___fxstat
                0x0000000000018190                __GI___fxstat64
                0x0000000000018190                __fxstat64
                0x0000000000018190                _fxstat
                0x0000000000018190                __fxstat
 .text          0x00000000000181d0       0x40 /rbd/pnpm-volume/47620bc9-8017-4d86-9aab-1c45b15b7d12/glibc-2.25/build/elf/rtld-libc.a(rtld-lxstat.os)
                0x00000000000181d0                __GI___lxstat
                0x00000000000181d0                _lxstat
                0x00000000000181d0                __lxstat
                0x00000000000181d0                __lxstat64
                0x00000000000181d0                __GI___lxstat64
 .text          0x0000000000018210       0x20 /rbd/pnpm-volume/47620bc9-8017-4d86-9aab-1c45b15b7d12/glibc-2.25/build/elf/rtld-libc.a(rtld-open.os)
                0x0000000000018210                __GI___open64
                0x0000000000018210                __open
                0x0000000000018210                __GI_open
                0x0000000000018210                __GI___open
                0x0000000000018210                __GI_open64
                0x0000000000018210                __libc_open
                0x0000000000018210                open64
                0x0000000000018210                __GI___libc_open
                0x0000000000018210                open
                0x0000000000018210                __open64
 .text          0x0000000000018230       0x20 /rbd/pnpm-volume/47620bc9-8017-4d86-9aab-1c45b15b7d12/glibc-2.25/build/elf/rtld-libc.a(rtld-read.os)
                0x0000000000018230                __read
                0x0000000000018230                __GI_read
                0x0000000000018230                __libc_read
                0x0000000000018230                __GI___read
                0x0000000000018230                read
                0x0000000000018230                __GI___libc_read
 .text          0x0000000000018250       0x20 /rbd/pnpm-volume/47620bc9-8017-4d86-9aab-1c45b15b7d12/glibc-2.25/build/elf/rtld-libc.a(rtld-write.os)
                0x0000000000018250                __write
                0x0000000000018250                __GI_write
                0x0000000000018250                write
                0x0000000000018250                __GI___libc_write
                0x0000000000018250                __GI___write
                0x0000000000018250                __libc_write
 .text          0x0000000000018270       0x30 /rbd/pnpm-volume/47620bc9-8017-4d86-9aab-1c45b15b7d12/glibc-2.25/build/elf/rtld-libc.a(rtld-lseek64.os)
                0x0000000000018270                __lseek64
                0x0000000000018270                lseek
                0x0000000000018270                __libc_lseek64
                0x0000000000018270                llseek
                0x0000000000018270                __lseek
                0x0000000000018270                __libc_lseek
                0x0000000000018270                lseek64
 .text          0x00000000000182a0       0x46 /rbd/pnpm-volume/47620bc9-8017-4d86-9aab-1c45b15b7d12/glibc-2.25/build/elf/rtld-libc.a(rtld-access.os)
                0x00000000000182a0                __access_noerrno
                0x00000000000182c0                access
                0x00000000000182c0                __access
 *fill*         0x00000000000182e6        0xa 
 .text          0x00000000000182f0       0x7e /rbd/pnpm-volume/47620bc9-8017-4d86-9aab-1c45b15b7d12/glibc-2.25/build/elf/rtld-libc.a(rtld-fcntl.os)
                0x00000000000182f0                __libc_fcntl
                0x00000000000182f0                __fcntl
                0x00000000000182f0                fcntl
 *fill*         0x000000000001836e        0x2 
 .text          0x0000000000018370       0x20 /rbd/pnpm-volume/47620bc9-8017-4d86-9aab-1c45b15b7d12/glibc-2.25/build/elf/rtld-libc.a(rtld-close.os)
                0x0000000000018370                __GI_close
                0x0000000000018370                __GI___libc_close
                0x0000000000018370                __libc_close
                0x0000000000018370                __close
                0x0000000000018370                __GI___close
                0x0000000000018370                close
 .text          0x0000000000018390       0xae /rbd/pnpm-volume/47620bc9-8017-4d86-9aab-1c45b15b7d12/glibc-2.25/build/elf/rtld-libc.a(rtld-mmap.os)
                0x0000000000018390                __mmap
                0x0000000000018390                mmap
                0x0000000000018390                __mmap64
                0x0000000000018390                mmap64
 *fill*         0x000000000001843e        0x2 
 .text          0x0000000000018440       0x20 /rbd/pnpm-volume/47620bc9-8017-4d86-9aab-1c45b15b7d12/glibc-2.25/build/elf/rtld-libc.a(rtld-munmap.os)
                0x0000000000018440                munmap
                0x0000000000018440                __GI___munmap
                0x0000000000018440                __GI_munmap
                0x0000000000018440                __munmap
 .text          0x0000000000018460       0x20 /rbd/pnpm-volume/47620bc9-8017-4d86-9aab-1c45b15b7d12/glibc-2.25/build/elf/rtld-libc.a(rtld-mprotect.os)
                0x0000000000018460                __mprotect
                0x0000000000018460                __GI___mprotect
                0x0000000000018460                __GI_mprotect
                0x0000000000018460                mprotect
 .text          0x0000000000018480       0x20 /rbd/pnpm-volume/47620bc9-8017-4d86-9aab-1c45b15b7d12/glibc-2.25/build/elf/rtld-libc.a(rtld-uname.os)
                0x0000000000018480                uname
                0x0000000000018480                __GI_uname
                0x0000000000018480                __uname
                0x0000000000018480                __GI___uname
 .text          0x00000000000184a0       0x4a /rbd/pnpm-volume/47620bc9-8017-4d86-9aab-1c45b15b7d12/glibc-2.25/build/elf/rtld-libc.a(rtld-_exit.os)
                0x00000000000184a0                _Exit
                0x00000000000184a0                __GI__exit
                0x00000000000184a0                _exit
 *fill*         0x00000000000184ea        0x6 
 .text          0x00000000000184f0        0x8 /rbd/pnpm-volume/47620bc9-8017-4d86-9aab-1c45b15b7d12/glibc-2.25/build/elf/rtld-libc.a(rtld-getpid.os)
                0x00000000000184f0                __getpid
                0x00000000000184f0                getpid
                0x00000000000184f0                __GI_getpid
                0x00000000000184f0                __GI___getpid
 .text          0x00000000000184f8        0x0 /rbd/pnpm-volume/47620bc9-8017-4d86-9aab-1c45b15b7d12/glibc-2.25/build/elf/rtld-libc.a(rtld-environ.os)
 *fill*         0x00000000000184f8        0x8 
 .text          0x0000000000018500       0x4f /rbd/pnpm-volume/47620bc9-8017-4d86-9aab-1c45b15b7d12/glibc-2.25/build/elf/rtld-libc.a(rtld-setjmp.os)
                0x0000000000018500                __sigsetjmp
                0x0000000000018500                __GI___sigsetjmp
 *fill*         0x000000000001854f        0x1 
 .text          0x0000000000018550       0x4a /rbd/pnpm-volume/47620bc9-8017-4d86-9aab-1c45b15b7d12/glibc-2.25/build/elf/rtld-libc.a(rtld-__longjmp.os)
                0x0000000000018550                __longjmp
 *fill*         0x000000000001859a        0x6 
 .text          0x00000000000185a0      0x270 /rbd/pnpm-volume/47620bc9-8017-4d86-9aab-1c45b15b7d12/glibc-2.25/build/elf/rtld-libc.a(rtld-sigaction.os)
                0x00000000000185c0                __libc_sigaction
                0x00000000000187f0                sigaction
                0x00000000000187f0                __sigaction
 .text          0x0000000000018810      0x21a /rbd/pnpm-volume/47620bc9-8017-4d86-9aab-1c45b15b7d12/glibc-2.25/build/elf/rtld-libc.a(rtld-strchr.os)
                0x0000000000018810                index
                0x0000000000018810                strchr
 *fill*         0x0000000000018a2a        0x6 
 .text          0x0000000000018a30     0x1439 /rbd/pnpm-volume/47620bc9-8017-4d86-9aab-1c45b15b7d12/glibc-2.25/build/elf/rtld-libc.a(rtld-strcmp.os)
                0x0000000000018a30                strcmp
 *fill*         0x0000000000019e69        0x7 
 .text          0x0000000000019e70       0x41 /rbd/pnpm-volume/47620bc9-8017-4d86-9aab-1c45b15b7d12/glibc-2.25/build/elf/rtld-libc.a(rtld-strdup.os)
                0x0000000000019e70                __strdup
                0x0000000000019e70                strdup
 *fill*         0x0000000000019eb1        0xf 
 .text          0x0000000000019ec0      0x19c /rbd/pnpm-volume/47620bc9-8017-4d86-9aab-1c45b15b7d12/glibc-2.25/build/elf/rtld-libc.a(rtld-strlen.os)
                0x0000000000019ec0                strlen
 *fill*         0x000000000001a05c        0x4 
 .text          0x000000000001a060      0x218 /rbd/pnpm-volume/47620bc9-8017-4d86-9aab-1c45b15b7d12/glibc-2.25/build/elf/rtld-libc.a(rtld-strnlen.os)
                0x000000000001a060                __strnlen
                0x000000000001a060                strnlen
 *fill*         0x000000000001a278        0x8 
 .text          0x000000000001a280      0x354 /rbd/pnpm-volume/47620bc9-8017-4d86-9aab-1c45b15b7d12/glibc-2.25/build/elf/rtld-libc.a(rtld-memchr.os)
                0x000000000001a280                memchr
                0x000000000001a280                __memchr
 *fill*         0x000000000001a5d4        0xc 
 .text          0x000000000001a5e0      0x400 /rbd/pnpm-volume/47620bc9-8017-4d86-9aab-1c45b15b7d12/glibc-2.25/build/elf/rtld-libc.a(rtld-memcmp.os)
                0x000000000001a5e0                bcmp
                0x000000000001a5e0                memcmp
 .text          0x000000000001a9e0      0x1ed /rbd/pnpm-volume/47620bc9-8017-4d86-9aab-1c45b15b7d12/glibc-2.25/build/elf/rtld-libc.a(rtld-memmove.os)
                0x000000000001a9e0                mempcpy
                0x000000000001a9e0                __mempcpy
                0x000000000001a9f0                memmove
                0x000000000001a9f0                memcpy
 *fill*         0x000000000001abcd        0x3 
 .text          0x000000000001abd0       0xda /rbd/pnpm-volume/47620bc9-8017-4d86-9aab-1c45b15b7d12/glibc-2.25/build/elf/rtld-libc.a(rtld-memset.os)
                0x000000000001abd0                memset
 *fill*         0x000000000001acaa        0x6 
 .text          0x000000000001acb0       0xdc /rbd/pnpm-volume/47620bc9-8017-4d86-9aab-1c45b15b7d12/glibc-2.25/build/elf/rtld-libc.a(rtld-stpcpy.os)
                0x000000000001acb0                stpcpy
                0x000000000001acb0                __stpcpy
 *fill*         0x000000000001ad8c        0x4 
 .text          0x000000000001ad90      0x204 /rbd/pnpm-volume/47620bc9-8017-4d86-9aab-1c45b15b7d12/glibc-2.25/build/elf/rtld-libc.a(rtld-rawmemchr.os)
                0x000000000001ad90                __rawmemchr
                0x000000000001ad90                rawmemchr
 *fill*         0x000000000001af94        0xc 
 .text          0x000000000001afa0       0x20 /rbd/pnpm-volume/47620bc9-8017-4d86-9aab-1c45b15b7d12/glibc-2.25/build/elf/rtld-libc.a(rtld-setitimer.os)
                0x000000000001afa0                setitimer
                0x000000000001afa0                __setitimer
                0x000000000001afa0                __GI_setitimer
                0x000000000001afa0                __GI___setitimer
 *(.gnu.warning)

.text.unlikely  0x0000000000000000      0x1f3
 .text.unlikely
                0x0000000000000000      0x1f3 /rbd/pnpm-volume/47620bc9-8017-4d86-9aab-1c45b15b7d12/glibc-2.25/build/elf/dl-allobjs.os
 .text.unlikely
                0x00000000000001f3        0x0 /rbd/pnpm-volume/47620bc9-8017-4d86-9aab-1c45b15b7d12/glibc-2.25/build/elf/rtld-libc.a(rtld-check_fds.os)
 .text.unlikely
                0x00000000000001f3        0x0 /rbd/pnpm-volume/47620bc9-8017-4d86-9aab-1c45b15b7d12/glibc-2.25/build/elf/rtld-libc.a(rtld-closedir.os)
 .text.unlikely
                0x00000000000001f3        0x0 /rbd/pnpm-volume/47620bc9-8017-4d86-9aab-1c45b15b7d12/glibc-2.25/build/elf/rtld-libc.a(rtld-readdir.os)
 .text.unlikely
                0x00000000000001f3        0x0 /rbd/pnpm-volume/47620bc9-8017-4d86-9aab-1c45b15b7d12/glibc-2.25/build/elf/rtld-libc.a(rtld-rewinddir.os)
 .text.unlikely
                0x00000000000001f3        0x0 /rbd/pnpm-volume/47620bc9-8017-4d86-9aab-1c45b15b7d12/glibc-2.25/build/elf/rtld-libc.a(rtld-getdents.os)
 .text.unlikely
                0x00000000000001f3        0x0 /rbd/pnpm-volume/47620bc9-8017-4d86-9aab-1c45b15b7d12/glibc-2.25/build/elf/rtld-libc.a(rtld-fdopendir.os)
 .text.unlikely
                0x00000000000001f3        0x0 /rbd/pnpm-volume/47620bc9-8017-4d86-9aab-1c45b15b7d12/glibc-2.25/build/elf/rtld-libc.a(rtld-dl-addr-obj.os)
 .text.unlikely
                0x00000000000001f3        0x0 /rbd/pnpm-volume/47620bc9-8017-4d86-9aab-1c45b15b7d12/glibc-2.25/build/elf/rtld-libc.a(rtld-profil.os)
 .text.unlikely
                0x00000000000001f3        0x0 /rbd/pnpm-volume/47620bc9-8017-4d86-9aab-1c45b15b7d12/glibc-2.25/build/elf/rtld-libc.a(rtld-prof-freq.os)
 .text.unlikely
                0x00000000000001f3        0x0 /rbd/pnpm-volume/47620bc9-8017-4d86-9aab-1c45b15b7d12/glibc-2.25/build/elf/rtld-libc.a(rtld-xstat.os)
 .text.unlikely
                0x00000000000001f3        0x0 /rbd/pnpm-volume/47620bc9-8017-4d86-9aab-1c45b15b7d12/glibc-2.25/build/elf/rtld-libc.a(rtld-fxstat.os)
 .text.unlikely
                0x00000000000001f3        0x0 /rbd/pnpm-volume/47620bc9-8017-4d86-9aab-1c45b15b7d12/glibc-2.25/build/elf/rtld-libc.a(rtld-lxstat.os)
 .text.unlikely
                0x00000000000001f3        0x0 /rbd/pnpm-volume/47620bc9-8017-4d86-9aab-1c45b15b7d12/glibc-2.25/build/elf/rtld-libc.a(rtld-lseek64.os)
 .text.unlikely
                0x00000000000001f3        0x0 /rbd/pnpm-volume/47620bc9-8017-4d86-9aab-1c45b15b7d12/glibc-2.25/build/elf/rtld-libc.a(rtld-access.os)
 .text.unlikely
                0x00000000000001f3        0x0 /rbd/pnpm-volume/47620bc9-8017-4d86-9aab-1c45b15b7d12/glibc-2.25/build/elf/rtld-libc.a(rtld-fcntl.os)
 .text.unlikely
                0x00000000000001f3        0x0 /rbd/pnpm-volume/47620bc9-8017-4d86-9aab-1c45b15b7d12/glibc-2.25/build/elf/rtld-libc.a(rtld-mmap.os)
 .text.unlikely
                0x00000000000001f3        0x0 /rbd/pnpm-volume/47620bc9-8017-4d86-9aab-1c45b15b7d12/glibc-2.25/build/elf/rtld-libc.a(rtld-_exit.os)
 .text.unlikely
                0x00000000000001f3        0x0 /rbd/pnpm-volume/47620bc9-8017-4d86-9aab-1c45b15b7d12/glibc-2.25/build/elf/rtld-libc.a(rtld-sigaction.os)
 .text.unlikely
                0x00000000000001f3        0x0 /rbd/pnpm-volume/47620bc9-8017-4d86-9aab-1c45b15b7d12/glibc-2.25/build/elf/rtld-libc.a(rtld-strdup.os)

.fini
 *(SORT(.fini))

.rodata         0x0000000000000000      0xcd0
 *(.rodata)
 .rodata        0x0000000000000000      0xc90 /rbd/pnpm-volume/47620bc9-8017-4d86-9aab-1c45b15b7d12/glibc-2.25/build/elf/dl-allobjs.os
                0x0000000000000c80                __GI__itoa_lower_digits
                0x0000000000000c80                _itoa_lower_digits
 .rodata        0x0000000000000c90       0x40 /rbd/pnpm-volume/47620bc9-8017-4d86-9aab-1c45b15b7d12/glibc-2.25/build/elf/rtld-libc.a(rtld-strcmp.os)

.rodata.str1.1  0x0000000000000000      0xf17
 .rodata.str1.1
                0x0000000000000000      0xf03 /rbd/pnpm-volume/47620bc9-8017-4d86-9aab-1c45b15b7d12/glibc-2.25/build/elf/dl-allobjs.os
 .rodata.str1.1
                0x0000000000000f03       0x14 /rbd/pnpm-volume/47620bc9-8017-4d86-9aab-1c45b15b7d12/glibc-2.25/build/elf/rtld-libc.a(rtld-check_fds.os)

.rodata.str1.8  0x0000000000000000     0x2299
 .rodata.str1.8
                0x0000000000000000     0x2299 /rbd/pnpm-volume/47620bc9-8017-4d86-9aab-1c45b15b7d12/glibc-2.25/build/elf/dl-allobjs.os

.rodata.str1.16
                0x0000000000000000      0x393
 .rodata.str1.16
                0x0000000000000000      0x393 /rbd/pnpm-volume/47620bc9-8017-4d86-9aab-1c45b15b7d12/glibc-2.25/build/elf/dl-allobjs.os

.rodata.cst16   0x0000000000000000       0x20
 .rodata.cst16  0x0000000000000000       0x20 /rbd/pnpm-volume/47620bc9-8017-4d86-9aab-1c45b15b7d12/glibc-2.25/build/elf/dl-allobjs.os

.rodata.cst4    0x0000000000000000        0x4
 .rodata.cst4   0x0000000000000000        0x4 /rbd/pnpm-volume/47620bc9-8017-4d86-9aab-1c45b15b7d12/glibc-2.25/build/elf/dl-allobjs.os

.rodata.str1.32
                0x0000000000000000       0x3b
 .rodata.str1.32
                0x0000000000000000       0x3b /rbd/pnpm-volume/47620bc9-8017-4d86-9aab-1c45b15b7d12/glibc-2.25/build/elf/dl-allobjs.os

.rodata1
 *(.rodata1)

.eh_frame_hdr
 *(.eh_frame_hdr)

.eh_frame       0x0000000000000000     0x2c28
 *(.eh_frame)
 .eh_frame      0x0000000000000000     0x2270 /rbd/pnpm-volume/47620bc9-8017-4d86-9aab-1c45b15b7d12/glibc-2.25/build/elf/dl-allobjs.os
 .eh_frame      0x0000000000002270       0x68 /rbd/pnpm-volume/47620bc9-8017-4d86-9aab-1c45b15b7d12/glibc-2.25/build/elf/rtld-libc.a(rtld-check_fds.os)
 .eh_frame      0x00000000000022d8       0x40 /rbd/pnpm-volume/47620bc9-8017-4d86-9aab-1c45b15b7d12/glibc-2.25/build/elf/rtld-libc.a(rtld-closedir.os)
 .eh_frame      0x0000000000002318       0x48 /rbd/pnpm-volume/47620bc9-8017-4d86-9aab-1c45b15b7d12/glibc-2.25/build/elf/rtld-libc.a(rtld-readdir.os)
 .eh_frame      0x0000000000002360       0x38 /rbd/pnpm-volume/47620bc9-8017-4d86-9aab-1c45b15b7d12/glibc-2.25/build/elf/rtld-libc.a(rtld-rewinddir.os)
 .eh_frame      0x0000000000002398       0x68 /rbd/pnpm-volume/47620bc9-8017-4d86-9aab-1c45b15b7d12/glibc-2.25/build/elf/rtld-libc.a(rtld-getdents.os)
 .eh_frame      0x0000000000002400       0x50 /rbd/pnpm-volume/47620bc9-8017-4d86-9aab-1c45b15b7d12/glibc-2.25/build/elf/rtld-libc.a(rtld-fdopendir.os)
 .eh_frame      0x0000000000002450       0x30 /rbd/pnpm-volume/47620bc9-8017-4d86-9aab-1c45b15b7d12/glibc-2.25/build/elf/rtld-libc.a(rtld-dl-addr-obj.os)
 .eh_frame      0x0000000000002480       0x50 /rbd/pnpm-volume/47620bc9-8017-4d86-9aab-1c45b15b7d12/glibc-2.25/build/elf/rtld-libc.a(rtld-profil.os)
                                         0x48 (size before relaxing)
 .eh_frame      0x00000000000024d0       0x30 /rbd/pnpm-volume/47620bc9-8017-4d86-9aab-1c45b15b7d12/glibc-2.25/build/elf/rtld-libc.a(rtld-prof-freq.os)
 .eh_frame      0x0000000000002500       0x30 /rbd/pnpm-volume/47620bc9-8017-4d86-9aab-1c45b15b7d12/glibc-2.25/build/elf/rtld-libc.a(rtld-xstat.os)
 .eh_frame      0x0000000000002530       0x30 /rbd/pnpm-volume/47620bc9-8017-4d86-9aab-1c45b15b7d12/glibc-2.25/build/elf/rtld-libc.a(rtld-fxstat.os)
 .eh_frame      0x0000000000002560       0x30 /rbd/pnpm-volume/47620bc9-8017-4d86-9aab-1c45b15b7d12/glibc-2.25/build/elf/rtld-libc.a(rtld-lxstat.os)
 .eh_frame      0x0000000000002590       0x30 /rbd/pnpm-volume/47620bc9-8017-4d86-9aab-1c45b15b7d12/glibc-2.25/build/elf/rtld-libc.a(rtld-open.os)
 .eh_frame      0x00000000000025c0       0x30 /rbd/pnpm-volume/47620bc9-8017-4d86-9aab-1c45b15b7d12/glibc-2.25/build/elf/rtld-libc.a(rtld-read.os)
 .eh_frame      0x00000000000025f0       0x30 /rbd/pnpm-volume/47620bc9-8017-4d86-9aab-1c45b15b7d12/glibc-2.25/build/elf/rtld-libc.a(rtld-write.os)
 .eh_frame      0x0000000000002620       0x30 /rbd/pnpm-volume/47620bc9-8017-4d86-9aab-1c45b15b7d12/glibc-2.25/build/elf/rtld-libc.a(rtld-lseek64.os)
 .eh_frame      0x0000000000002650       0x48 /rbd/pnpm-volume/47620bc9-8017-4d86-9aab-1c45b15b7d12/glibc-2.25/build/elf/rtld-libc.a(rtld-access.os)
                                         0x40 (size before relaxing)
 .eh_frame      0x0000000000002698       0x30 /rbd/pnpm-volume/47620bc9-8017-4d86-9aab-1c45b15b7d12/glibc-2.25/build/elf/rtld-libc.a(rtld-fcntl.os)
 .eh_frame      0x00000000000026c8       0x30 /rbd/pnpm-volume/47620bc9-8017-4d86-9aab-1c45b15b7d12/glibc-2.25/build/elf/rtld-libc.a(rtld-close.os)
 .eh_frame      0x00000000000026f8       0x60 /rbd/pnpm-volume/47620bc9-8017-4d86-9aab-1c45b15b7d12/glibc-2.25/build/elf/rtld-libc.a(rtld-mmap.os)
 .eh_frame      0x0000000000002758       0x30 /rbd/pnpm-volume/47620bc9-8017-4d86-9aab-1c45b15b7d12/glibc-2.25/build/elf/rtld-libc.a(rtld-munmap.os)
 .eh_frame      0x0000000000002788       0x30 /rbd/pnpm-volume/47620bc9-8017-4d86-9aab-1c45b15b7d12/glibc-2.25/build/elf/rtld-libc.a(rtld-mprotect.os)
 .eh_frame      0x00000000000027b8       0x30 /rbd/pnpm-volume/47620bc9-8017-4d86-9aab-1c45b15b7d12/glibc-2.25/build/elf/rtld-libc.a(rtld-uname.os)
 .eh_frame      0x00000000000027e8       0x30 /rbd/pnpm-volume/47620bc9-8017-4d86-9aab-1c45b15b7d12/glibc-2.25/build/elf/rtld-libc.a(rtld-_exit.os)
 .eh_frame      0x0000000000002818       0x30 /rbd/pnpm-volume/47620bc9-8017-4d86-9aab-1c45b15b7d12/glibc-2.25/build/elf/rtld-libc.a(rtld-getpid.os)
 .eh_frame      0x0000000000002848       0x30 /rbd/pnpm-volume/47620bc9-8017-4d86-9aab-1c45b15b7d12/glibc-2.25/build/elf/rtld-libc.a(rtld-setjmp.os)
 .eh_frame      0x0000000000002878       0x48 /rbd/pnpm-volume/47620bc9-8017-4d86-9aab-1c45b15b7d12/glibc-2.25/build/elf/rtld-libc.a(rtld-__longjmp.os)
 .eh_frame      0x00000000000028c0       0xf0 /rbd/pnpm-volume/47620bc9-8017-4d86-9aab-1c45b15b7d12/glibc-2.25/build/elf/rtld-libc.a(rtld-sigaction.os)
                                         0xe8 (size before relaxing)
 .eh_frame      0x00000000000029b0       0x30 /rbd/pnpm-volume/47620bc9-8017-4d86-9aab-1c45b15b7d12/glibc-2.25/build/elf/rtld-libc.a(rtld-strchr.os)
 .eh_frame      0x00000000000029e0       0x30 /rbd/pnpm-volume/47620bc9-8017-4d86-9aab-1c45b15b7d12/glibc-2.25/build/elf/rtld-libc.a(rtld-strcmp.os)
 .eh_frame      0x0000000000002a10       0x50 /rbd/pnpm-volume/47620bc9-8017-4d86-9aab-1c45b15b7d12/glibc-2.25/build/elf/rtld-libc.a(rtld-strdup.os)
 .eh_frame      0x0000000000002a60       0x30 /rbd/pnpm-volume/47620bc9-8017-4d86-9aab-1c45b15b7d12/glibc-2.25/build/elf/rtld-libc.a(rtld-strlen.os)
 .eh_frame      0x0000000000002a90       0x30 /rbd/pnpm-volume/47620bc9-8017-4d86-9aab-1c45b15b7d12/glibc-2.25/build/elf/rtld-libc.a(rtld-strnlen.os)
 .eh_frame      0x0000000000002ac0       0x30 /rbd/pnpm-volume/47620bc9-8017-4d86-9aab-1c45b15b7d12/glibc-2.25/build/elf/rtld-libc.a(rtld-memchr.os)
 .eh_frame      0x0000000000002af0       0x30 /rbd/pnpm-volume/47620bc9-8017-4d86-9aab-1c45b15b7d12/glibc-2.25/build/elf/rtld-libc.a(rtld-memcmp.os)
 .eh_frame      0x0000000000002b20       0x48 /rbd/pnpm-volume/47620bc9-8017-4d86-9aab-1c45b15b7d12/glibc-2.25/build/elf/rtld-libc.a(rtld-memmove.os)
                                         0x40 (size before relaxing)
 .eh_frame      0x0000000000002b68       0x30 /rbd/pnpm-volume/47620bc9-8017-4d86-9aab-1c45b15b7d12/glibc-2.25/build/elf/rtld-libc.a(rtld-memset.os)
 .eh_frame      0x0000000000002b98       0x30 /rbd/pnpm-volume/47620bc9-8017-4d86-9aab-1c45b15b7d12/glibc-2.25/build/elf/rtld-libc.a(rtld-stpcpy.os)
 .eh_frame      0x0000000000002bc8       0x30 /rbd/pnpm-volume/47620bc9-8017-4d86-9aab-1c45b15b7d12/glibc-2.25/build/elf/rtld-libc.a(rtld-rawmemchr.os)
 .eh_frame      0x0000000000002bf8       0x30 /rbd/pnpm-volume/47620bc9-8017-4d86-9aab-1c45b15b7d12/glibc-2.25/build/elf/rtld-libc.a(rtld-setitimer.os)

.gcc_except_table
 *(.gcc_except_table .gcc_except_table.*)

.gnu_extab
 *(.gnu_extab*)

.exception_ranges
 *(.exception_ranges .exception_ranges*)

.eh_frame
 *(.eh_frame)

.gnu_extab
 *(.gnu_extab)

.gcc_except_table
 *(.gcc_except_table .gcc_except_table.*)

.exception_ranges
 *(.exception_ranges .exception_ranges*)

.tdata
 *(.tdata)

.tbss
 *(.tbss)

.preinit_array
 *(.preinit_array)

.jcr
 *(.jcr)

.dynamic
 *(.dynamic)

.got
 *(.got)
 *(.igot)

.got.plt
 *(.got.plt)
 *(.igot.plt)

.data           0x0000000000000000      0xf78
 *(.data)
 .data          0x0000000000000000      0xf78 /rbd/pnpm-volume/47620bc9-8017-4d86-9aab-1c45b15b7d12/glibc-2.25/build/elf/dl-allobjs.os
                0x0000000000000000                _rtld_global
                0x0000000000000000                _rtld_local
 .data          0x0000000000000f78        0x0 /rbd/pnpm-volume/47620bc9-8017-4d86-9aab-1c45b15b7d12/glibc-2.25/build/elf/rtld-libc.a(rtld-check_fds.os)
 .data          0x0000000000000f78        0x0 /rbd/pnpm-volume/47620bc9-8017-4d86-9aab-1c45b15b7d12/glibc-2.25/build/elf/rtld-libc.a(rtld-errno.os)
 .data          0x0000000000000f78        0x0 /rbd/pnpm-volume/47620bc9-8017-4d86-9aab-1c45b15b7d12/glibc-2.25/build/elf/rtld-libc.a(rtld-closedir.os)
 .data          0x0000000000000f78        0x0 /rbd/pnpm-volume/47620bc9-8017-4d86-9aab-1c45b15b7d12/glibc-2.25/build/elf/rtld-libc.a(rtld-readdir.os)
 .data          0x0000000000000f78        0x0 /rbd/pnpm-volume/47620bc9-8017-4d86-9aab-1c45b15b7d12/glibc-2.25/build/elf/rtld-libc.a(rtld-rewinddir.os)
 .data          0x0000000000000f78        0x0 /rbd/pnpm-volume/47620bc9-8017-4d86-9aab-1c45b15b7d12/glibc-2.25/build/elf/rtld-libc.a(rtld-getdents.os)
 .data          0x0000000000000f78        0x0 /rbd/pnpm-volume/47620bc9-8017-4d86-9aab-1c45b15b7d12/glibc-2.25/build/elf/rtld-libc.a(rtld-fdopendir.os)
 .data          0x0000000000000f78        0x0 /rbd/pnpm-volume/47620bc9-8017-4d86-9aab-1c45b15b7d12/glibc-2.25/build/elf/rtld-libc.a(rtld-dl-addr-obj.os)
 .data          0x0000000000000f78        0x0 /rbd/pnpm-volume/47620bc9-8017-4d86-9aab-1c45b15b7d12/glibc-2.25/build/elf/rtld-libc.a(rtld-profil.os)
 .data          0x0000000000000f78        0x0 /rbd/pnpm-volume/47620bc9-8017-4d86-9aab-1c45b15b7d12/glibc-2.25/build/elf/rtld-libc.a(rtld-prof-freq.os)
 .data          0x0000000000000f78        0x0 /rbd/pnpm-volume/47620bc9-8017-4d86-9aab-1c45b15b7d12/glibc-2.25/build/elf/rtld-libc.a(rtld-xstat.os)
 .data          0x0000000000000f78        0x0 /rbd/pnpm-volume/47620bc9-8017-4d86-9aab-1c45b15b7d12/glibc-2.25/build/elf/rtld-libc.a(rtld-fxstat.os)
 .data          0x0000000000000f78        0x0 /rbd/pnpm-volume/47620bc9-8017-4d86-9aab-1c45b15b7d12/glibc-2.25/build/elf/rtld-libc.a(rtld-lxstat.os)
 .data          0x0000000000000f78        0x0 /rbd/pnpm-volume/47620bc9-8017-4d86-9aab-1c45b15b7d12/glibc-2.25/build/elf/rtld-libc.a(rtld-open.os)
 .data          0x0000000000000f78        0x0 /rbd/pnpm-volume/47620bc9-8017-4d86-9aab-1c45b15b7d12/glibc-2.25/build/elf/rtld-libc.a(rtld-read.os)
 .data          0x0000000000000f78        0x0 /rbd/pnpm-volume/47620bc9-8017-4d86-9aab-1c45b15b7d12/glibc-2.25/build/elf/rtld-libc.a(rtld-write.os)
 .data          0x0000000000000f78        0x0 /rbd/pnpm-volume/47620bc9-8017-4d86-9aab-1c45b15b7d12/glibc-2.25/build/elf/rtld-libc.a(rtld-lseek64.os)
 .data          0x0000000000000f78        0x0 /rbd/pnpm-volume/47620bc9-8017-4d86-9aab-1c45b15b7d12/glibc-2.25/build/elf/rtld-libc.a(rtld-access.os)
 .data          0x0000000000000f78        0x0 /rbd/pnpm-volume/47620bc9-8017-4d86-9aab-1c45b15b7d12/glibc-2.25/build/elf/rtld-libc.a(rtld-fcntl.os)
 .data          0x0000000000000f78        0x0 /rbd/pnpm-volume/47620bc9-8017-4d86-9aab-1c45b15b7d12/glibc-2.25/build/elf/rtld-libc.a(rtld-close.os)
 .data          0x0000000000000f78        0x0 /rbd/pnpm-volume/47620bc9-8017-4d86-9aab-1c45b15b7d12/glibc-2.25/build/elf/rtld-libc.a(rtld-mmap.os)
 .data          0x0000000000000f78        0x0 /rbd/pnpm-volume/47620bc9-8017-4d86-9aab-1c45b15b7d12/glibc-2.25/build/elf/rtld-libc.a(rtld-munmap.os)
 .data          0x0000000000000f78        0x0 /rbd/pnpm-volume/47620bc9-8017-4d86-9aab-1c45b15b7d12/glibc-2.25/build/elf/rtld-libc.a(rtld-mprotect.os)
 .data          0x0000000000000f78        0x0 /rbd/pnpm-volume/47620bc9-8017-4d86-9aab-1c45b15b7d12/glibc-2.25/build/elf/rtld-libc.a(rtld-uname.os)
 .data          0x0000000000000f78        0x0 /rbd/pnpm-volume/47620bc9-8017-4d86-9aab-1c45b15b7d12/glibc-2.25/build/elf/rtld-libc.a(rtld-_exit.os)
 .data          0x0000000000000f78        0x0 /rbd/pnpm-volume/47620bc9-8017-4d86-9aab-1c45b15b7d12/glibc-2.25/build/elf/rtld-libc.a(rtld-getpid.os)
 .data          0x0000000000000f78        0x0 /rbd/pnpm-volume/47620bc9-8017-4d86-9aab-1c45b15b7d12/glibc-2.25/build/elf/rtld-libc.a(rtld-environ.os)
 .data          0x0000000000000f78        0x0 /rbd/pnpm-volume/47620bc9-8017-4d86-9aab-1c45b15b7d12/glibc-2.25/build/elf/rtld-libc.a(rtld-setjmp.os)
 .data          0x0000000000000f78        0x0 /rbd/pnpm-volume/47620bc9-8017-4d86-9aab-1c45b15b7d12/glibc-2.25/build/elf/rtld-libc.a(rtld-__longjmp.os)
 .data          0x0000000000000f78        0x0 /rbd/pnpm-volume/47620bc9-8017-4d86-9aab-1c45b15b7d12/glibc-2.25/build/elf/rtld-libc.a(rtld-sigaction.os)
 .data          0x0000000000000f78        0x0 /rbd/pnpm-volume/47620bc9-8017-4d86-9aab-1c45b15b7d12/glibc-2.25/build/elf/rtld-libc.a(rtld-strchr.os)
 .data          0x0000000000000f78        0x0 /rbd/pnpm-volume/47620bc9-8017-4d86-9aab-1c45b15b7d12/glibc-2.25/build/elf/rtld-libc.a(rtld-strcmp.os)
 .data          0x0000000000000f78        0x0 /rbd/pnpm-volume/47620bc9-8017-4d86-9aab-1c45b15b7d12/glibc-2.25/build/elf/rtld-libc.a(rtld-strdup.os)
 .data          0x0000000000000f78        0x0 /rbd/pnpm-volume/47620bc9-8017-4d86-9aab-1c45b15b7d12/glibc-2.25/build/elf/rtld-libc.a(rtld-strlen.os)
 .data          0x0000000000000f78        0x0 /rbd/pnpm-volume/47620bc9-8017-4d86-9aab-1c45b15b7d12/glibc-2.25/build/elf/rtld-libc.a(rtld-strnlen.os)
 .data          0x0000000000000f78        0x0 /rbd/pnpm-volume/47620bc9-8017-4d86-9aab-1c45b15b7d12/glibc-2.25/build/elf/rtld-libc.a(rtld-memchr.os)
 .data          0x0000000000000f78        0x0 /rbd/pnpm-volume/47620bc9-8017-4d86-9aab-1c45b15b7d12/glibc-2.25/build/elf/rtld-libc.a(rtld-memcmp.os)
 .data          0x0000000000000f78        0x0 /rbd/pnpm-volume/47620bc9-8017-4d86-9aab-1c45b15b7d12/glibc-2.25/build/elf/rtld-libc.a(rtld-memmove.os)
 .data          0x0000000000000f78        0x0 /rbd/pnpm-volume/47620bc9-8017-4d86-9aab-1c45b15b7d12/glibc-2.25/build/elf/rtld-libc.a(rtld-memset.os)
 .data          0x0000000000000f78        0x0 /rbd/pnpm-volume/47620bc9-8017-4d86-9aab-1c45b15b7d12/glibc-2.25/build/elf/rtld-libc.a(rtld-stpcpy.os)
 .data          0x0000000000000f78        0x0 /rbd/pnpm-volume/47620bc9-8017-4d86-9aab-1c45b15b7d12/glibc-2.25/build/elf/rtld-libc.a(rtld-rawmemchr.os)
 .data          0x0000000000000f78        0x0 /rbd/pnpm-volume/47620bc9-8017-4d86-9aab-1c45b15b7d12/glibc-2.25/build/elf/rtld-libc.a(rtld-setitimer.os)

.data.rel.ro    0x0000000000000000      0x29c
 .data.rel.ro   0x0000000000000000      0x29c /rbd/pnpm-volume/47620bc9-8017-4d86-9aab-1c45b15b7d12/glibc-2.25/build/elf/dl-allobjs.os
                0x00000000000000b0                __pointer_chk_guard_local
                0x00000000000000b8                _dl_skip_args
                0x00000000000000c0                __GI__dl_argv
                0x00000000000000c0                _dl_argv
                0x00000000000000c8                _dl_argc
                0x00000000000000e0                _rtld_global_ro
                0x00000000000000e0                _rtld_local_ro
                0x0000000000000280                __stack_prot
                0x0000000000000288                _dl_random
                0x0000000000000290                __libc_stack_end
                0x0000000000000290                __GI___libc_stack_end
                0x0000000000000298                __GI___libc_enable_secure
                0x0000000000000298                __libc_enable_secure

.data1
 *(.data1)

.bss            0x0000000000000000      0x140
 *(.dynbss)
 *(.bss)
 .bss           0x0000000000000000      0x118 /rbd/pnpm-volume/47620bc9-8017-4d86-9aab-1c45b15b7d12/glibc-2.25/build/elf/dl-allobjs.os
                0x00000000000000e0                __libc_multiple_libcs
                0x0000000000000110                __curbrk
 .bss           0x0000000000000118        0x0 /rbd/pnpm-volume/47620bc9-8017-4d86-9aab-1c45b15b7d12/glibc-2.25/build/elf/rtld-libc.a(rtld-check_fds.os)
 .bss           0x0000000000000118        0x0 /rbd/pnpm-volume/47620bc9-8017-4d86-9aab-1c45b15b7d12/glibc-2.25/build/elf/rtld-libc.a(rtld-errno.os)
 .bss           0x0000000000000118        0x0 /rbd/pnpm-volume/47620bc9-8017-4d86-9aab-1c45b15b7d12/glibc-2.25/build/elf/rtld-libc.a(rtld-closedir.os)
 .bss           0x0000000000000118        0x0 /rbd/pnpm-volume/47620bc9-8017-4d86-9aab-1c45b15b7d12/glibc-2.25/build/elf/rtld-libc.a(rtld-readdir.os)
 .bss           0x0000000000000118        0x0 /rbd/pnpm-volume/47620bc9-8017-4d86-9aab-1c45b15b7d12/glibc-2.25/build/elf/rtld-libc.a(rtld-rewinddir.os)
 .bss           0x0000000000000118        0x0 /rbd/pnpm-volume/47620bc9-8017-4d86-9aab-1c45b15b7d12/glibc-2.25/build/elf/rtld-libc.a(rtld-getdents.os)
 .bss           0x0000000000000118        0x0 /rbd/pnpm-volume/47620bc9-8017-4d86-9aab-1c45b15b7d12/glibc-2.25/build/elf/rtld-libc.a(rtld-fdopendir.os)
 .bss           0x0000000000000118        0x0 /rbd/pnpm-volume/47620bc9-8017-4d86-9aab-1c45b15b7d12/glibc-2.25/build/elf/rtld-libc.a(rtld-dl-addr-obj.os)
 .bss           0x0000000000000118       0x20 /rbd/pnpm-volume/47620bc9-8017-4d86-9aab-1c45b15b7d12/glibc-2.25/build/elf/rtld-libc.a(rtld-profil.os)
 .bss           0x0000000000000138        0x0 /rbd/pnpm-volume/47620bc9-8017-4d86-9aab-1c45b15b7d12/glibc-2.25/build/elf/rtld-libc.a(rtld-prof-freq.os)
 .bss           0x0000000000000138        0x0 /rbd/pnpm-volume/47620bc9-8017-4d86-9aab-1c45b15b7d12/glibc-2.25/build/elf/rtld-libc.a(rtld-xstat.os)
 .bss           0x0000000000000138        0x0 /rbd/pnpm-volume/47620bc9-8017-4d86-9aab-1c45b15b7d12/glibc-2.25/build/elf/rtld-libc.a(rtld-fxstat.os)
 .bss           0x0000000000000138        0x0 /rbd/pnpm-volume/47620bc9-8017-4d86-9aab-1c45b15b7d12/glibc-2.25/build/elf/rtld-libc.a(rtld-lxstat.os)
 .bss           0x0000000000000138        0x0 /rbd/pnpm-volume/47620bc9-8017-4d86-9aab-1c45b15b7d12/glibc-2.25/build/elf/rtld-libc.a(rtld-open.os)
 .bss           0x0000000000000138        0x0 /rbd/pnpm-volume/47620bc9-8017-4d86-9aab-1c45b15b7d12/glibc-2.25/build/elf/rtld-libc.a(rtld-read.os)
 .bss           0x0000000000000138        0x0 /rbd/pnpm-volume/47620bc9-8017-4d86-9aab-1c45b15b7d12/glibc-2.25/build/elf/rtld-libc.a(rtld-write.os)
 .bss           0x0000000000000138        0x0 /rbd/pnpm-volume/47620bc9-8017-4d86-9aab-1c45b15b7d12/glibc-2.25/build/elf/rtld-libc.a(rtld-lseek64.os)
 .bss           0x0000000000000138        0x0 /rbd/pnpm-volume/47620bc9-8017-4d86-9aab-1c45b15b7d12/glibc-2.25/build/elf/rtld-libc.a(rtld-access.os)
 .bss           0x0000000000000138        0x0 /rbd/pnpm-volume/47620bc9-8017-4d86-9aab-1c45b15b7d12/glibc-2.25/build/elf/rtld-libc.a(rtld-fcntl.os)
 .bss           0x0000000000000138        0x0 /rbd/pnpm-volume/47620bc9-8017-4d86-9aab-1c45b15b7d12/glibc-2.25/build/elf/rtld-libc.a(rtld-close.os)
 .bss           0x0000000000000138        0x0 /rbd/pnpm-volume/47620bc9-8017-4d86-9aab-1c45b15b7d12/glibc-2.25/build/elf/rtld-libc.a(rtld-mmap.os)
 .bss           0x0000000000000138        0x0 /rbd/pnpm-volume/47620bc9-8017-4d86-9aab-1c45b15b7d12/glibc-2.25/build/elf/rtld-libc.a(rtld-munmap.os)
 .bss           0x0000000000000138        0x0 /rbd/pnpm-volume/47620bc9-8017-4d86-9aab-1c45b15b7d12/glibc-2.25/build/elf/rtld-libc.a(rtld-mprotect.os)
 .bss           0x0000000000000138        0x0 /rbd/pnpm-volume/47620bc9-8017-4d86-9aab-1c45b15b7d12/glibc-2.25/build/elf/rtld-libc.a(rtld-uname.os)
 .bss           0x0000000000000138        0x0 /rbd/pnpm-volume/47620bc9-8017-4d86-9aab-1c45b15b7d12/glibc-2.25/build/elf/rtld-libc.a(rtld-_exit.os)
 .bss           0x0000000000000138        0x0 /rbd/pnpm-volume/47620bc9-8017-4d86-9aab-1c45b15b7d12/glibc-2.25/build/elf/rtld-libc.a(rtld-getpid.os)
 .bss           0x0000000000000138        0x8 /rbd/pnpm-volume/47620bc9-8017-4d86-9aab-1c45b15b7d12/glibc-2.25/build/elf/rtld-libc.a(rtld-environ.os)
                0x0000000000000138                _environ
                0x0000000000000138                __environ
                0x0000000000000138                environ
 .bss           0x0000000000000140        0x0 /rbd/pnpm-volume/47620bc9-8017-4d86-9aab-1c45b15b7d12/glibc-2.25/build/elf/rtld-libc.a(rtld-setjmp.os)
 .bss           0x0000000000000140        0x0 /rbd/pnpm-volume/47620bc9-8017-4d86-9aab-1c45b15b7d12/glibc-2.25/build/elf/rtld-libc.a(rtld-__longjmp.os)
 .bss           0x0000000000000140        0x0 /rbd/pnpm-volume/47620bc9-8017-4d86-9aab-1c45b15b7d12/glibc-2.25/build/elf/rtld-libc.a(rtld-sigaction.os)
 .bss           0x0000000000000140        0x0 /rbd/pnpm-volume/47620bc9-8017-4d86-9aab-1c45b15b7d12/glibc-2.25/build/elf/rtld-libc.a(rtld-strchr.os)
 .bss           0x0000000000000140        0x0 /rbd/pnpm-volume/47620bc9-8017-4d86-9aab-1c45b15b7d12/glibc-2.25/build/elf/rtld-libc.a(rtld-strcmp.os)
 .bss           0x0000000000000140        0x0 /rbd/pnpm-volume/47620bc9-8017-4d86-9aab-1c45b15b7d12/glibc-2.25/build/elf/rtld-libc.a(rtld-strdup.os)
 .bss           0x0000000000000140        0x0 /rbd/pnpm-volume/47620bc9-8017-4d86-9aab-1c45b15b7d12/glibc-2.25/build/elf/rtld-libc.a(rtld-strlen.os)
 .bss           0x0000000000000140        0x0 /rbd/pnpm-volume/47620bc9-8017-4d86-9aab-1c45b15b7d12/glibc-2.25/build/elf/rtld-libc.a(rtld-strnlen.os)
 .bss           0x0000000000000140        0x0 /rbd/pnpm-volume/47620bc9-8017-4d86-9aab-1c45b15b7d12/glibc-2.25/build/elf/rtld-libc.a(rtld-memchr.os)
 .bss           0x0000000000000140        0x0 /rbd/pnpm-volume/47620bc9-8017-4d86-9aab-1c45b15b7d12/glibc-2.25/build/elf/rtld-libc.a(rtld-memcmp.os)
 .bss           0x0000000000000140        0x0 /rbd/pnpm-volume/47620bc9-8017-4d86-9aab-1c45b15b7d12/glibc-2.25/build/elf/rtld-libc.a(rtld-memmove.os)
 .bss           0x0000000000000140        0x0 /rbd/pnpm-volume/47620bc9-8017-4d86-9aab-1c45b15b7d12/glibc-2.25/build/elf/rtld-libc.a(rtld-memset.os)
 .bss           0x0000000000000140        0x0 /rbd/pnpm-volume/47620bc9-8017-4d86-9aab-1c45b15b7d12/glibc-2.25/build/elf/rtld-libc.a(rtld-stpcpy.os)
 .bss           0x0000000000000140        0x0 /rbd/pnpm-volume/47620bc9-8017-4d86-9aab-1c45b15b7d12/glibc-2.25/build/elf/rtld-libc.a(rtld-rawmemchr.os)
 .bss           0x0000000000000140        0x0 /rbd/pnpm-volume/47620bc9-8017-4d86-9aab-1c45b15b7d12/glibc-2.25/build/elf/rtld-libc.a(rtld-setitimer.os)
 *(COMMON)
 COMMON         0x0000000000000140        0x0 /rbd/pnpm-volume/47620bc9-8017-4d86-9aab-1c45b15b7d12/glibc-2.25/build/elf/dl-allobjs.os
 COMMON         0x0000000000000140        0x0 /rbd/pnpm-volume/47620bc9-8017-4d86-9aab-1c45b15b7d12/glibc-2.25/build/elf/rtld-libc.a(rtld-errno.os)

.lbss
 *(.dynlbss)
 *(.lbss)
 *(LARGE_COMMON)

.lrodata
 *(.lrodata)

.ldata
 *(.ldata)

.stab
 *(.stab)

.stabstr
 *(.stabstr)

.stab.excl
 *(.stab.excl)

.stab.exclstr
 *(.stab.exclstr)

.stab.index
 *(.stab.index)

.stab.indexstr
 *(.stab.indexstr)

.comment        0x0000000000000000      0xbd0
 *(.comment)
 .comment       0x0000000000000000      0x762 /rbd/pnpm-volume/47620bc9-8017-4d86-9aab-1c45b15b7d12/glibc-2.25/build/elf/dl-allobjs.os
 .comment       0x0000000000000762       0x36 /rbd/pnpm-volume/47620bc9-8017-4d86-9aab-1c45b15b7d12/glibc-2.25/build/elf/rtld-libc.a(rtld-check_fds.os)
 .comment       0x0000000000000798       0x36 /rbd/pnpm-volume/47620bc9-8017-4d86-9aab-1c45b15b7d12/glibc-2.25/build/elf/rtld-libc.a(rtld-errno.os)
 .comment       0x00000000000007ce       0x36 /rbd/pnpm-volume/47620bc9-8017-4d86-9aab-1c45b15b7d12/glibc-2.25/build/elf/rtld-libc.a(rtld-closedir.os)
 .comment       0x0000000000000804       0x36 /rbd/pnpm-volume/47620bc9-8017-4d86-9aab-1c45b15b7d12/glibc-2.25/build/elf/rtld-libc.a(rtld-readdir.os)
 .comment       0x000000000000083a       0x36 /rbd/pnpm-volume/47620bc9-8017-4d86-9aab-1c45b15b7d12/glibc-2.25/build/elf/rtld-libc.a(rtld-rewinddir.os)
 .comment       0x0000000000000870       0x36 /rbd/pnpm-volume/47620bc9-8017-4d86-9aab-1c45b15b7d12/glibc-2.25/build/elf/rtld-libc.a(rtld-getdents.os)
 .comment       0x00000000000008a6       0x36 /rbd/pnpm-volume/47620bc9-8017-4d86-9aab-1c45b15b7d12/glibc-2.25/build/elf/rtld-libc.a(rtld-fdopendir.os)
 .comment       0x00000000000008dc       0x36 /rbd/pnpm-volume/47620bc9-8017-4d86-9aab-1c45b15b7d12/glibc-2.25/build/elf/rtld-libc.a(rtld-dl-addr-obj.os)
 .comment       0x0000000000000912       0x36 /rbd/pnpm-volume/47620bc9-8017-4d86-9aab-1c45b15b7d12/glibc-2.25/build/elf/rtld-libc.a(rtld-profil.os)
 .comment       0x0000000000000948       0x36 /rbd/pnpm-volume/47620bc9-8017-4d86-9aab-1c45b15b7d12/glibc-2.25/build/elf/rtld-libc.a(rtld-prof-freq.os)
 .comment       0x000000000000097e       0x36 /rbd/pnpm-volume/47620bc9-8017-4d86-9aab-1c45b15b7d12/glibc-2.25/build/elf/rtld-libc.a(rtld-xstat.os)
 .comment       0x00000000000009b4       0x36 /rbd/pnpm-volume/47620bc9-8017-4d86-9aab-1c45b15b7d12/glibc-2.25/build/elf/rtld-libc.a(rtld-fxstat.os)
 .comment       0x00000000000009ea       0x36 /rbd/pnpm-volume/47620bc9-8017-4d86-9aab-1c45b15b7d12/glibc-2.25/build/elf/rtld-libc.a(rtld-lxstat.os)
 .comment       0x0000000000000a20       0x36 /rbd/pnpm-volume/47620bc9-8017-4d86-9aab-1c45b15b7d12/glibc-2.25/build/elf/rtld-libc.a(rtld-lseek64.os)
 .comment       0x0000000000000a56       0x36 /rbd/pnpm-volume/47620bc9-8017-4d86-9aab-1c45b15b7d12/glibc-2.25/build/elf/rtld-libc.a(rtld-access.os)
 .comment       0x0000000000000a8c       0x36 /rbd/pnpm-volume/47620bc9-8017-4d86-9aab-1c45b15b7d12/glibc-2.25/build/elf/rtld-libc.a(rtld-fcntl.os)
 .comment       0x0000000000000ac2       0x36 /rbd/pnpm-volume/47620bc9-8017-4d86-9aab-1c45b15b7d12/glibc-2.25/build/elf/rtld-libc.a(rtld-mmap.os)
 .comment       0x0000000000000af8       0x36 /rbd/pnpm-volume/47620bc9-8017-4d86-9aab-1c45b15b7d12/glibc-2.25/build/elf/rtld-libc.a(rtld-_exit.os)
 .comment       0x0000000000000b2e       0x36 /rbd/pnpm-volume/47620bc9-8017-4d86-9aab-1c45b15b7d12/glibc-2.25/build/elf/rtld-libc.a(rtld-environ.os)
 .comment       0x0000000000000b64       0x36 /rbd/pnpm-volume/47620bc9-8017-4d86-9aab-1c45b15b7d12/glibc-2.25/build/elf/rtld-libc.a(rtld-sigaction.os)
 .comment       0x0000000000000b9a       0x36 /rbd/pnpm-volume/47620bc9-8017-4d86-9aab-1c45b15b7d12/glibc-2.25/build/elf/rtld-libc.a(rtld-strdup.os)

.note.GNU-stack
                0x0000000000000000        0x0
 .note.GNU-stack
                0x0000000000000000        0x0 /rbd/pnpm-volume/47620bc9-8017-4d86-9aab-1c45b15b7d12/glibc-2.25/build/elf/dl-allobjs.os
 .note.GNU-stack
                0x0000000000000000        0x0 /rbd/pnpm-volume/47620bc9-8017-4d86-9aab-1c45b15b7d12/glibc-2.25/build/elf/rtld-libc.a(rtld-check_fds.os)
 .note.GNU-stack
                0x0000000000000000        0x0 /rbd/pnpm-volume/47620bc9-8017-4d86-9aab-1c45b15b7d12/glibc-2.25/build/elf/rtld-libc.a(rtld-errno.os)
 .note.GNU-stack
                0x0000000000000000        0x0 /rbd/pnpm-volume/47620bc9-8017-4d86-9aab-1c45b15b7d12/glibc-2.25/build/elf/rtld-libc.a(rtld-closedir.os)
 .note.GNU-stack
                0x0000000000000000        0x0 /rbd/pnpm-volume/47620bc9-8017-4d86-9aab-1c45b15b7d12/glibc-2.25/build/elf/rtld-libc.a(rtld-readdir.os)
 .note.GNU-stack
                0x0000000000000000        0x0 /rbd/pnpm-volume/47620bc9-8017-4d86-9aab-1c45b15b7d12/glibc-2.25/build/elf/rtld-libc.a(rtld-rewinddir.os)
 .note.GNU-stack
                0x0000000000000000        0x0 /rbd/pnpm-volume/47620bc9-8017-4d86-9aab-1c45b15b7d12/glibc-2.25/build/elf/rtld-libc.a(rtld-getdents.os)
 .note.GNU-stack
                0x0000000000000000        0x0 /rbd/pnpm-volume/47620bc9-8017-4d86-9aab-1c45b15b7d12/glibc-2.25/build/elf/rtld-libc.a(rtld-fdopendir.os)
 .note.GNU-stack
                0x0000000000000000        0x0 /rbd/pnpm-volume/47620bc9-8017-4d86-9aab-1c45b15b7d12/glibc-2.25/build/elf/rtld-libc.a(rtld-dl-addr-obj.os)
 .note.GNU-stack
                0x0000000000000000        0x0 /rbd/pnpm-volume/47620bc9-8017-4d86-9aab-1c45b15b7d12/glibc-2.25/build/elf/rtld-libc.a(rtld-profil.os)
 .note.GNU-stack
                0x0000000000000000        0x0 /rbd/pnpm-volume/47620bc9-8017-4d86-9aab-1c45b15b7d12/glibc-2.25/build/elf/rtld-libc.a(rtld-prof-freq.os)
 .note.GNU-stack
                0x0000000000000000        0x0 /rbd/pnpm-volume/47620bc9-8017-4d86-9aab-1c45b15b7d12/glibc-2.25/build/elf/rtld-libc.a(rtld-xstat.os)
 .note.GNU-stack
                0x0000000000000000        0x0 /rbd/pnpm-volume/47620bc9-8017-4d86-9aab-1c45b15b7d12/glibc-2.25/build/elf/rtld-libc.a(rtld-fxstat.os)
 .note.GNU-stack
                0x0000000000000000        0x0 /rbd/pnpm-volume/47620bc9-8017-4d86-9aab-1c45b15b7d12/glibc-2.25/build/elf/rtld-libc.a(rtld-lxstat.os)
 .note.GNU-stack
                0x0000000000000000        0x0 /rbd/pnpm-volume/47620bc9-8017-4d86-9aab-1c45b15b7d12/glibc-2.25/build/elf/rtld-libc.a(rtld-open.os)
 .note.GNU-stack
                0x0000000000000000        0x0 /rbd/pnpm-volume/47620bc9-8017-4d86-9aab-1c45b15b7d12/glibc-2.25/build/elf/rtld-libc.a(rtld-read.os)
 .note.GNU-stack
                0x0000000000000000        0x0 /rbd/pnpm-volume/47620bc9-8017-4d86-9aab-1c45b15b7d12/glibc-2.25/build/elf/rtld-libc.a(rtld-write.os)
 .note.GNU-stack
                0x0000000000000000        0x0 /rbd/pnpm-volume/47620bc9-8017-4d86-9aab-1c45b15b7d12/glibc-2.25/build/elf/rtld-libc.a(rtld-lseek64.os)
 .note.GNU-stack
                0x0000000000000000        0x0 /rbd/pnpm-volume/47620bc9-8017-4d86-9aab-1c45b15b7d12/glibc-2.25/build/elf/rtld-libc.a(rtld-access.os)
 .note.GNU-stack
                0x0000000000000000        0x0 /rbd/pnpm-volume/47620bc9-8017-4d86-9aab-1c45b15b7d12/glibc-2.25/build/elf/rtld-libc.a(rtld-fcntl.os)
 .note.GNU-stack
                0x0000000000000000        0x0 /rbd/pnpm-volume/47620bc9-8017-4d86-9aab-1c45b15b7d12/glibc-2.25/build/elf/rtld-libc.a(rtld-close.os)
 .note.GNU-stack
                0x0000000000000000        0x0 /rbd/pnpm-volume/47620bc9-8017-4d86-9aab-1c45b15b7d12/glibc-2.25/build/elf/rtld-libc.a(rtld-mmap.os)
 .note.GNU-stack
                0x0000000000000000        0x0 /rbd/pnpm-volume/47620bc9-8017-4d86-9aab-1c45b15b7d12/glibc-2.25/build/elf/rtld-libc.a(rtld-munmap.os)
 .note.GNU-stack
                0x0000000000000000        0x0 /rbd/pnpm-volume/47620bc9-8017-4d86-9aab-1c45b15b7d12/glibc-2.25/build/elf/rtld-libc.a(rtld-mprotect.os)
 .note.GNU-stack
                0x0000000000000000        0x0 /rbd/pnpm-volume/47620bc9-8017-4d86-9aab-1c45b15b7d12/glibc-2.25/build/elf/rtld-libc.a(rtld-uname.os)
 .note.GNU-stack
                0x0000000000000000        0x0 /rbd/pnpm-volume/47620bc9-8017-4d86-9aab-1c45b15b7d12/glibc-2.25/build/elf/rtld-libc.a(rtld-_exit.os)
 .note.GNU-stack
                0x0000000000000000        0x0 /rbd/pnpm-volume/47620bc9-8017-4d86-9aab-1c45b15b7d12/glibc-2.25/build/elf/rtld-libc.a(rtld-getpid.os)
 .note.GNU-stack
                0x0000000000000000        0x0 /rbd/pnpm-volume/47620bc9-8017-4d86-9aab-1c45b15b7d12/glibc-2.25/build/elf/rtld-libc.a(rtld-environ.os)
 .note.GNU-stack
                0x0000000000000000        0x0 /rbd/pnpm-volume/47620bc9-8017-4d86-9aab-1c45b15b7d12/glibc-2.25/build/elf/rtld-libc.a(rtld-setjmp.os)
 .note.GNU-stack
                0x0000000000000000        0x0 /rbd/pnpm-volume/47620bc9-8017-4d86-9aab-1c45b15b7d12/glibc-2.25/build/elf/rtld-libc.a(rtld-__longjmp.os)
 .note.GNU-stack
                0x0000000000000000        0x0 /rbd/pnpm-volume/47620bc9-8017-4d86-9aab-1c45b15b7d12/glibc-2.25/build/elf/rtld-libc.a(rtld-sigaction.os)
 .note.GNU-stack
                0x0000000000000000        0x0 /rbd/pnpm-volume/47620bc9-8017-4d86-9aab-1c45b15b7d12/glibc-2.25/build/elf/rtld-libc.a(rtld-strchr.os)
 .note.GNU-stack
                0x0000000000000000        0x0 /rbd/pnpm-volume/47620bc9-8017-4d86-9aab-1c45b15b7d12/glibc-2.25/build/elf/rtld-libc.a(rtld-strcmp.os)
 .note.GNU-stack
                0x0000000000000000        0x0 /rbd/pnpm-volume/47620bc9-8017-4d86-9aab-1c45b15b7d12/glibc-2.25/build/elf/rtld-libc.a(rtld-strdup.os)
 .note.GNU-stack
                0x0000000000000000        0x0 /rbd/pnpm-volume/47620bc9-8017-4d86-9aab-1c45b15b7d12/glibc-2.25/build/elf/rtld-libc.a(rtld-strlen.os)
 .note.GNU-stack
                0x0000000000000000        0x0 /rbd/pnpm-volume/47620bc9-8017-4d86-9aab-1c45b15b7d12/glibc-2.25/build/elf/rtld-libc.a(rtld-strnlen.os)
 .note.GNU-stack
                0x0000000000000000        0x0 /rbd/pnpm-volume/47620bc9-8017-4d86-9aab-1c45b15b7d12/glibc-2.25/build/elf/rtld-libc.a(rtld-memchr.os)
 .note.GNU-stack
                0x0000000000000000        0x0 /rbd/pnpm-volume/47620bc9-8017-4d86-9aab-1c45b15b7d12/glibc-2.25/build/elf/rtld-libc.a(rtld-memcmp.os)
 .note.GNU-stack
                0x0000000000000000        0x0 /rbd/pnpm-volume/47620bc9-8017-4d86-9aab-1c45b15b7d12/glibc-2.25/build/elf/rtld-libc.a(rtld-memmove.os)
 .note.GNU-stack
                0x0000000000000000        0x0 /rbd/pnpm-volume/47620bc9-8017-4d86-9aab-1c45b15b7d12/glibc-2.25/build/elf/rtld-libc.a(rtld-memset.os)
 .note.GNU-stack
                0x0000000000000000        0x0 /rbd/pnpm-volume/47620bc9-8017-4d86-9aab-1c45b15b7d12/glibc-2.25/build/elf/rtld-libc.a(rtld-stpcpy.os)
 .note.GNU-stack
                0x0000000000000000        0x0 /rbd/pnpm-volume/47620bc9-8017-4d86-9aab-1c45b15b7d12/glibc-2.25/build/elf/rtld-libc.a(rtld-rawmemchr.os)
 .note.GNU-stack
                0x0000000000000000        0x0 /rbd/pnpm-volume/47620bc9-8017-4d86-9aab-1c45b15b7d12/glibc-2.25/build/elf/rtld-libc.a(rtld-setitimer.os)

.gnu.warning.llseek
                0x0000000000000000       0x3f
 .gnu.warning.llseek
                0x0000000000000000       0x3f /rbd/pnpm-volume/47620bc9-8017-4d86-9aab-1c45b15b7d12/glibc-2.25/build/elf/rtld-libc.a(rtld-lseek64.os)

.debug
 *(.debug)

.line
 *(.line)

.debug_srcinfo
 *(.debug_srcinfo)

.debug_sfnames
 *(.debug_sfnames)

.debug_aranges  0x0000000000000000      0xed0
 *(.debug_aranges)
 .debug_aranges
                0x0000000000000000      0x710 /rbd/pnpm-volume/47620bc9-8017-4d86-9aab-1c45b15b7d12/glibc-2.25/build/elf/dl-allobjs.os
 .debug_aranges
                0x0000000000000710       0x30 /rbd/pnpm-volume/47620bc9-8017-4d86-9aab-1c45b15b7d12/glibc-2.25/build/elf/rtld-libc.a(rtld-check_fds.os)
 .debug_aranges
                0x0000000000000740       0x20 /rbd/pnpm-volume/47620bc9-8017-4d86-9aab-1c45b15b7d12/glibc-2.25/build/elf/rtld-libc.a(rtld-errno.os)
 .debug_aranges
                0x0000000000000760       0x30 /rbd/pnpm-volume/47620bc9-8017-4d86-9aab-1c45b15b7d12/glibc-2.25/build/elf/rtld-libc.a(rtld-closedir.os)
 .debug_aranges
                0x0000000000000790       0x30 /rbd/pnpm-volume/47620bc9-8017-4d86-9aab-1c45b15b7d12/glibc-2.25/build/elf/rtld-libc.a(rtld-readdir.os)
 .debug_aranges
                0x00000000000007c0       0x30 /rbd/pnpm-volume/47620bc9-8017-4d86-9aab-1c45b15b7d12/glibc-2.25/build/elf/rtld-libc.a(rtld-rewinddir.os)
 .debug_aranges
                0x00000000000007f0       0x30 /rbd/pnpm-volume/47620bc9-8017-4d86-9aab-1c45b15b7d12/glibc-2.25/build/elf/rtld-libc.a(rtld-getdents.os)
 .debug_aranges
                0x0000000000000820       0x30 /rbd/pnpm-volume/47620bc9-8017-4d86-9aab-1c45b15b7d12/glibc-2.25/build/elf/rtld-libc.a(rtld-fdopendir.os)
 .debug_aranges
                0x0000000000000850       0x30 /rbd/pnpm-volume/47620bc9-8017-4d86-9aab-1c45b15b7d12/glibc-2.25/build/elf/rtld-libc.a(rtld-dl-addr-obj.os)
 .debug_aranges
                0x0000000000000880       0x30 /rbd/pnpm-volume/47620bc9-8017-4d86-9aab-1c45b15b7d12/glibc-2.25/build/elf/rtld-libc.a(rtld-profil.os)
 .debug_aranges
                0x00000000000008b0       0x30 /rbd/pnpm-volume/47620bc9-8017-4d86-9aab-1c45b15b7d12/glibc-2.25/build/elf/rtld-libc.a(rtld-prof-freq.os)
 .debug_aranges
                0x00000000000008e0       0x30 /rbd/pnpm-volume/47620bc9-8017-4d86-9aab-1c45b15b7d12/glibc-2.25/build/elf/rtld-libc.a(rtld-xstat.os)
 .debug_aranges
                0x0000000000000910       0x30 /rbd/pnpm-volume/47620bc9-8017-4d86-9aab-1c45b15b7d12/glibc-2.25/build/elf/rtld-libc.a(rtld-fxstat.os)
 .debug_aranges
                0x0000000000000940       0x30 /rbd/pnpm-volume/47620bc9-8017-4d86-9aab-1c45b15b7d12/glibc-2.25/build/elf/rtld-libc.a(rtld-lxstat.os)
 .debug_aranges
                0x0000000000000970       0x30 /rbd/pnpm-volume/47620bc9-8017-4d86-9aab-1c45b15b7d12/glibc-2.25/build/elf/rtld-libc.a(rtld-open.os)
 .debug_aranges
                0x00000000000009a0       0x30 /rbd/pnpm-volume/47620bc9-8017-4d86-9aab-1c45b15b7d12/glibc-2.25/build/elf/rtld-libc.a(rtld-read.os)
 .debug_aranges
                0x00000000000009d0       0x30 /rbd/pnpm-volume/47620bc9-8017-4d86-9aab-1c45b15b7d12/glibc-2.25/build/elf/rtld-libc.a(rtld-write.os)
 .debug_aranges
                0x0000000000000a00       0x30 /rbd/pnpm-volume/47620bc9-8017-4d86-9aab-1c45b15b7d12/glibc-2.25/build/elf/rtld-libc.a(rtld-lseek64.os)
 .debug_aranges
                0x0000000000000a30       0x30 /rbd/pnpm-volume/47620bc9-8017-4d86-9aab-1c45b15b7d12/glibc-2.25/build/elf/rtld-libc.a(rtld-access.os)
 .debug_aranges
                0x0000000000000a60       0x30 /rbd/pnpm-volume/47620bc9-8017-4d86-9aab-1c45b15b7d12/glibc-2.25/build/elf/rtld-libc.a(rtld-fcntl.os)
 .debug_aranges
                0x0000000000000a90       0x30 /rbd/pnpm-volume/47620bc9-8017-4d86-9aab-1c45b15b7d12/glibc-2.25/build/elf/rtld-libc.a(rtld-close.os)
 .debug_aranges
                0x0000000000000ac0       0x30 /rbd/pnpm-volume/47620bc9-8017-4d86-9aab-1c45b15b7d12/glibc-2.25/build/elf/rtld-libc.a(rtld-mmap.os)
 .debug_aranges
                0x0000000000000af0       0x30 /rbd/pnpm-volume/47620bc9-8017-4d86-9aab-1c45b15b7d12/glibc-2.25/build/elf/rtld-libc.a(rtld-munmap.os)
 .debug_aranges
                0x0000000000000b20       0x30 /rbd/pnpm-volume/47620bc9-8017-4d86-9aab-1c45b15b7d12/glibc-2.25/build/elf/rtld-libc.a(rtld-mprotect.os)
 .debug_aranges
                0x0000000000000b50       0x30 /rbd/pnpm-volume/47620bc9-8017-4d86-9aab-1c45b15b7d12/glibc-2.25/build/elf/rtld-libc.a(rtld-uname.os)
 .debug_aranges
                0x0000000000000b80       0x30 /rbd/pnpm-volume/47620bc9-8017-4d86-9aab-1c45b15b7d12/glibc-2.25/build/elf/rtld-libc.a(rtld-_exit.os)
 .debug_aranges
                0x0000000000000bb0       0x30 /rbd/pnpm-volume/47620bc9-8017-4d86-9aab-1c45b15b7d12/glibc-2.25/build/elf/rtld-libc.a(rtld-getpid.os)
 .debug_aranges
                0x0000000000000be0       0x20 /rbd/pnpm-volume/47620bc9-8017-4d86-9aab-1c45b15b7d12/glibc-2.25/build/elf/rtld-libc.a(rtld-environ.os)
 .debug_aranges
                0x0000000000000c00       0x30 /rbd/pnpm-volume/47620bc9-8017-4d86-9aab-1c45b15b7d12/glibc-2.25/build/elf/rtld-libc.a(rtld-setjmp.os)
 .debug_aranges
                0x0000000000000c30       0x30 /rbd/pnpm-volume/47620bc9-8017-4d86-9aab-1c45b15b7d12/glibc-2.25/build/elf/rtld-libc.a(rtld-__longjmp.os)
 .debug_aranges
                0x0000000000000c60       0x30 /rbd/pnpm-volume/47620bc9-8017-4d86-9aab-1c45b15b7d12/glibc-2.25/build/elf/rtld-libc.a(rtld-sigaction.os)
 .debug_aranges
                0x0000000000000c90       0x30 /rbd/pnpm-volume/47620bc9-8017-4d86-9aab-1c45b15b7d12/glibc-2.25/build/elf/rtld-libc.a(rtld-strchr.os)
 .debug_aranges
                0x0000000000000cc0       0x30 /rbd/pnpm-volume/47620bc9-8017-4d86-9aab-1c45b15b7d12/glibc-2.25/build/elf/rtld-libc.a(rtld-strcmp.os)
 .debug_aranges
                0x0000000000000cf0       0x30 /rbd/pnpm-volume/47620bc9-8017-4d86-9aab-1c45b15b7d12/glibc-2.25/build/elf/rtld-libc.a(rtld-strdup.os)
 .debug_aranges
                0x0000000000000d20       0x30 /rbd/pnpm-volume/47620bc9-8017-4d86-9aab-1c45b15b7d12/glibc-2.25/build/elf/rtld-libc.a(rtld-strlen.os)
 .debug_aranges
                0x0000000000000d50       0x30 /rbd/pnpm-volume/47620bc9-8017-4d86-9aab-1c45b15b7d12/glibc-2.25/build/elf/rtld-libc.a(rtld-strnlen.os)
 .debug_aranges
                0x0000000000000d80       0x30 /rbd/pnpm-volume/47620bc9-8017-4d86-9aab-1c45b15b7d12/glibc-2.25/build/elf/rtld-libc.a(rtld-memchr.os)
 .debug_aranges
                0x0000000000000db0       0x30 /rbd/pnpm-volume/47620bc9-8017-4d86-9aab-1c45b15b7d12/glibc-2.25/build/elf/rtld-libc.a(rtld-memcmp.os)
 .debug_aranges
                0x0000000000000de0       0x30 /rbd/pnpm-volume/47620bc9-8017-4d86-9aab-1c45b15b7d12/glibc-2.25/build/elf/rtld-libc.a(rtld-memmove.os)
 .debug_aranges
                0x0000000000000e10       0x30 /rbd/pnpm-volume/47620bc9-8017-4d86-9aab-1c45b15b7d12/glibc-2.25/build/elf/rtld-libc.a(rtld-memset.os)
 .debug_aranges
                0x0000000000000e40       0x30 /rbd/pnpm-volume/47620bc9-8017-4d86-9aab-1c45b15b7d12/glibc-2.25/build/elf/rtld-libc.a(rtld-stpcpy.os)
 .debug_aranges
                0x0000000000000e70       0x30 /rbd/pnpm-volume/47620bc9-8017-4d86-9aab-1c45b15b7d12/glibc-2.25/build/elf/rtld-libc.a(rtld-rawmemchr.os)
 .debug_aranges
                0x0000000000000ea0       0x30 /rbd/pnpm-volume/47620bc9-8017-4d86-9aab-1c45b15b7d12/glibc-2.25/build/elf/rtld-libc.a(rtld-setitimer.os)

.debug_pubnames
 *(.debug_pubnames)

.debug_info     0x0000000000000000    0x5e6a7
 *(.debug_info)
 .debug_info    0x0000000000000000    0x525d3 /rbd/pnpm-volume/47620bc9-8017-4d86-9aab-1c45b15b7d12/glibc-2.25/build/elf/dl-allobjs.os
 .debug_info    0x00000000000525d3      0x850 /rbd/pnpm-volume/47620bc9-8017-4d86-9aab-1c45b15b7d12/glibc-2.25/build/elf/rtld-libc.a(rtld-check_fds.os)
 .debug_info    0x0000000000052e23      0x445 /rbd/pnpm-volume/47620bc9-8017-4d86-9aab-1c45b15b7d12/glibc-2.25/build/elf/rtld-libc.a(rtld-errno.os)
 .debug_info    0x0000000000053268      0x6b0 /rbd/pnpm-volume/47620bc9-8017-4d86-9aab-1c45b15b7d12/glibc-2.25/build/elf/rtld-libc.a(rtld-closedir.os)
 .debug_info    0x0000000000053918      0x721 /rbd/pnpm-volume/47620bc9-8017-4d86-9aab-1c45b15b7d12/glibc-2.25/build/elf/rtld-libc.a(rtld-readdir.os)
 .debug_info    0x0000000000054039      0x63f /rbd/pnpm-volume/47620bc9-8017-4d86-9aab-1c45b15b7d12/glibc-2.25/build/elf/rtld-libc.a(rtld-rewinddir.os)
 .debug_info    0x0000000000054678      0x703 /rbd/pnpm-volume/47620bc9-8017-4d86-9aab-1c45b15b7d12/glibc-2.25/build/elf/rtld-libc.a(rtld-getdents.os)
 .debug_info    0x0000000000054d7b      0x830 /rbd/pnpm-volume/47620bc9-8017-4d86-9aab-1c45b15b7d12/glibc-2.25/build/elf/rtld-libc.a(rtld-fdopendir.os)
 .debug_info    0x00000000000555ab      0xd82 /rbd/pnpm-volume/47620bc9-8017-4d86-9aab-1c45b15b7d12/glibc-2.25/build/elf/rtld-libc.a(rtld-dl-addr-obj.os)
 .debug_info    0x000000000005632d      0xa43 /rbd/pnpm-volume/47620bc9-8017-4d86-9aab-1c45b15b7d12/glibc-2.25/build/elf/rtld-libc.a(rtld-profil.os)
 .debug_info    0x0000000000056d70     0x18dd /rbd/pnpm-volume/47620bc9-8017-4d86-9aab-1c45b15b7d12/glibc-2.25/build/elf/rtld-libc.a(rtld-prof-freq.os)
 .debug_info    0x000000000005864d      0x685 /rbd/pnpm-volume/47620bc9-8017-4d86-9aab-1c45b15b7d12/glibc-2.25/build/elf/rtld-libc.a(rtld-xstat.os)
 .debug_info    0x0000000000058cd2      0x67e /rbd/pnpm-volume/47620bc9-8017-4d86-9aab-1c45b15b7d12/glibc-2.25/build/elf/rtld-libc.a(rtld-fxstat.os)
 .debug_info    0x0000000000059350      0x685 /rbd/pnpm-volume/47620bc9-8017-4d86-9aab-1c45b15b7d12/glibc-2.25/build/elf/rtld-libc.a(rtld-lxstat.os)
 .debug_info    0x00000000000599d5       0x97 /rbd/pnpm-volume/47620bc9-8017-4d86-9aab-1c45b15b7d12/glibc-2.25/build/elf/rtld-libc.a(rtld-open.os)
 .debug_info    0x0000000000059a6c       0x97 /rbd/pnpm-volume/47620bc9-8017-4d86-9aab-1c45b15b7d12/glibc-2.25/build/elf/rtld-libc.a(rtld-read.os)
 .debug_info    0x0000000000059b03       0x97 /rbd/pnpm-volume/47620bc9-8017-4d86-9aab-1c45b15b7d12/glibc-2.25/build/elf/rtld-libc.a(rtld-write.os)
 .debug_info    0x0000000000059b9a      0x56a /rbd/pnpm-volume/47620bc9-8017-4d86-9aab-1c45b15b7d12/glibc-2.25/build/elf/rtld-libc.a(rtld-lseek64.os)
 .debug_info    0x000000000005a104      0x652 /rbd/pnpm-volume/47620bc9-8017-4d86-9aab-1c45b15b7d12/glibc-2.25/build/elf/rtld-libc.a(rtld-access.os)
 .debug_info    0x000000000005a756      0x7c7 /rbd/pnpm-volume/47620bc9-8017-4d86-9aab-1c45b15b7d12/glibc-2.25/build/elf/rtld-libc.a(rtld-fcntl.os)
 .debug_info    0x000000000005af1d       0x97 /rbd/pnpm-volume/47620bc9-8017-4d86-9aab-1c45b15b7d12/glibc-2.25/build/elf/rtld-libc.a(rtld-close.os)
 .debug_info    0x000000000005afb4     0x1b25 /rbd/pnpm-volume/47620bc9-8017-4d86-9aab-1c45b15b7d12/glibc-2.25/build/elf/rtld-libc.a(rtld-mmap.os)
 .debug_info    0x000000000005cad9       0x99 /rbd/pnpm-volume/47620bc9-8017-4d86-9aab-1c45b15b7d12/glibc-2.25/build/elf/rtld-libc.a(rtld-munmap.os)
 .debug_info    0x000000000005cb72       0x99 /rbd/pnpm-volume/47620bc9-8017-4d86-9aab-1c45b15b7d12/glibc-2.25/build/elf/rtld-libc.a(rtld-mprotect.os)
 .debug_info    0x000000000005cc0b       0x9a /rbd/pnpm-volume/47620bc9-8017-4d86-9aab-1c45b15b7d12/glibc-2.25/build/elf/rtld-libc.a(rtld-uname.os)
 .debug_info    0x000000000005cca5      0x52d /rbd/pnpm-volume/47620bc9-8017-4d86-9aab-1c45b15b7d12/glibc-2.25/build/elf/rtld-libc.a(rtld-_exit.os)
 .debug_info    0x000000000005d1d2       0x9a /rbd/pnpm-volume/47620bc9-8017-4d86-9aab-1c45b15b7d12/glibc-2.25/build/elf/rtld-libc.a(rtld-getpid.os)
 .debug_info    0x000000000005d26c       0xcc /rbd/pnpm-volume/47620bc9-8017-4d86-9aab-1c45b15b7d12/glibc-2.25/build/elf/rtld-libc.a(rtld-environ.os)
 .debug_info    0x000000000005d338       0x93 /rbd/pnpm-volume/47620bc9-8017-4d86-9aab-1c45b15b7d12/glibc-2.25/build/elf/rtld-libc.a(rtld-setjmp.os)
 .debug_info    0x000000000005d3cb       0x96 /rbd/pnpm-volume/47620bc9-8017-4d86-9aab-1c45b15b7d12/glibc-2.25/build/elf/rtld-libc.a(rtld-__longjmp.os)
 .debug_info    0x000000000005d461      0xa0a /rbd/pnpm-volume/47620bc9-8017-4d86-9aab-1c45b15b7d12/glibc-2.25/build/elf/rtld-libc.a(rtld-sigaction.os)
 .debug_info    0x000000000005de6b       0xa0 /rbd/pnpm-volume/47620bc9-8017-4d86-9aab-1c45b15b7d12/glibc-2.25/build/elf/rtld-libc.a(rtld-strchr.os)
 .debug_info    0x000000000005df0b       0xa0 /rbd/pnpm-volume/47620bc9-8017-4d86-9aab-1c45b15b7d12/glibc-2.25/build/elf/rtld-libc.a(rtld-strcmp.os)
 .debug_info    0x000000000005dfab      0x159 /rbd/pnpm-volume/47620bc9-8017-4d86-9aab-1c45b15b7d12/glibc-2.25/build/elf/rtld-libc.a(rtld-strdup.os)
 .debug_info    0x000000000005e104       0x93 /rbd/pnpm-volume/47620bc9-8017-4d86-9aab-1c45b15b7d12/glibc-2.25/build/elf/rtld-libc.a(rtld-strlen.os)
 .debug_info    0x000000000005e197       0x93 /rbd/pnpm-volume/47620bc9-8017-4d86-9aab-1c45b15b7d12/glibc-2.25/build/elf/rtld-libc.a(rtld-strnlen.os)
 .debug_info    0x000000000005e22a       0x93 /rbd/pnpm-volume/47620bc9-8017-4d86-9aab-1c45b15b7d12/glibc-2.25/build/elf/rtld-libc.a(rtld-memchr.os)
 .debug_info    0x000000000005e2bd       0xa0 /rbd/pnpm-volume/47620bc9-8017-4d86-9aab-1c45b15b7d12/glibc-2.25/build/elf/rtld-libc.a(rtld-memcmp.os)
 .debug_info    0x000000000005e35d       0xbe /rbd/pnpm-volume/47620bc9-8017-4d86-9aab-1c45b15b7d12/glibc-2.25/build/elf/rtld-libc.a(rtld-memmove.os)
 .debug_info    0x000000000005e41b       0xbd /rbd/pnpm-volume/47620bc9-8017-4d86-9aab-1c45b15b7d12/glibc-2.25/build/elf/rtld-libc.a(rtld-memset.os)
 .debug_info    0x000000000005e4d8       0xa0 /rbd/pnpm-volume/47620bc9-8017-4d86-9aab-1c45b15b7d12/glibc-2.25/build/elf/rtld-libc.a(rtld-stpcpy.os)
 .debug_info    0x000000000005e578       0x96 /rbd/pnpm-volume/47620bc9-8017-4d86-9aab-1c45b15b7d12/glibc-2.25/build/elf/rtld-libc.a(rtld-rawmemchr.os)
 .debug_info    0x000000000005e60e       0x99 /rbd/pnpm-volume/47620bc9-8017-4d86-9aab-1c45b15b7d12/glibc-2.25/build/elf/rtld-libc.a(rtld-setitimer.os)

.debug_abbrev   0x0000000000000000     0xa7df
 *(.debug_abbrev)
 .debug_abbrev  0x0000000000000000     0x8497 /rbd/pnpm-volume/47620bc9-8017-4d86-9aab-1c45b15b7d12/glibc-2.25/build/elf/dl-allobjs.os
 .debug_abbrev  0x0000000000008497      0x212 /rbd/pnpm-volume/47620bc9-8017-4d86-9aab-1c45b15b7d12/glibc-2.25/build/elf/rtld-libc.a(rtld-check_fds.os)
 .debug_abbrev  0x00000000000086a9       0xe6 /rbd/pnpm-volume/47620bc9-8017-4d86-9aab-1c45b15b7d12/glibc-2.25/build/elf/rtld-libc.a(rtld-errno.os)
 .debug_abbrev  0x000000000000878f      0x18e /rbd/pnpm-volume/47620bc9-8017-4d86-9aab-1c45b15b7d12/glibc-2.25/build/elf/rtld-libc.a(rtld-closedir.os)
 .debug_abbrev  0x000000000000891d      0x183 /rbd/pnpm-volume/47620bc9-8017-4d86-9aab-1c45b15b7d12/glibc-2.25/build/elf/rtld-libc.a(rtld-readdir.os)
 .debug_abbrev  0x0000000000008aa0      0x14d /rbd/pnpm-volume/47620bc9-8017-4d86-9aab-1c45b15b7d12/glibc-2.25/build/elf/rtld-libc.a(rtld-rewinddir.os)
 .debug_abbrev  0x0000000000008bed      0x1c0 /rbd/pnpm-volume/47620bc9-8017-4d86-9aab-1c45b15b7d12/glibc-2.25/build/elf/rtld-libc.a(rtld-getdents.os)
 .debug_abbrev  0x0000000000008dad      0x18d /rbd/pnpm-volume/47620bc9-8017-4d86-9aab-1c45b15b7d12/glibc-2.25/build/elf/rtld-libc.a(rtld-fdopendir.os)
 .debug_abbrev  0x0000000000008f3a      0x203 /rbd/pnpm-volume/47620bc9-8017-4d86-9aab-1c45b15b7d12/glibc-2.25/build/elf/rtld-libc.a(rtld-dl-addr-obj.os)
 .debug_abbrev  0x000000000000913d      0x297 /rbd/pnpm-volume/47620bc9-8017-4d86-9aab-1c45b15b7d12/glibc-2.25/build/elf/rtld-libc.a(rtld-profil.os)
 .debug_abbrev  0x00000000000093d4      0x26d /rbd/pnpm-volume/47620bc9-8017-4d86-9aab-1c45b15b7d12/glibc-2.25/build/elf/rtld-libc.a(rtld-prof-freq.os)
 .debug_abbrev  0x0000000000009641      0x143 /rbd/pnpm-volume/47620bc9-8017-4d86-9aab-1c45b15b7d12/glibc-2.25/build/elf/rtld-libc.a(rtld-xstat.os)
 .debug_abbrev  0x0000000000009784      0x152 /rbd/pnpm-volume/47620bc9-8017-4d86-9aab-1c45b15b7d12/glibc-2.25/build/elf/rtld-libc.a(rtld-fxstat.os)
 .debug_abbrev  0x00000000000098d6      0x143 /rbd/pnpm-volume/47620bc9-8017-4d86-9aab-1c45b15b7d12/glibc-2.25/build/elf/rtld-libc.a(rtld-lxstat.os)
 .debug_abbrev  0x0000000000009a19       0x14 /rbd/pnpm-volume/47620bc9-8017-4d86-9aab-1c45b15b7d12/glibc-2.25/build/elf/rtld-libc.a(rtld-open.os)
 .debug_abbrev  0x0000000000009a2d       0x14 /rbd/pnpm-volume/47620bc9-8017-4d86-9aab-1c45b15b7d12/glibc-2.25/build/elf/rtld-libc.a(rtld-read.os)
 .debug_abbrev  0x0000000000009a41       0x14 /rbd/pnpm-volume/47620bc9-8017-4d86-9aab-1c45b15b7d12/glibc-2.25/build/elf/rtld-libc.a(rtld-write.os)
 .debug_abbrev  0x0000000000009a55      0x150 /rbd/pnpm-volume/47620bc9-8017-4d86-9aab-1c45b15b7d12/glibc-2.25/build/elf/rtld-libc.a(rtld-lseek64.os)
 .debug_abbrev  0x0000000000009ba5      0x17f /rbd/pnpm-volume/47620bc9-8017-4d86-9aab-1c45b15b7d12/glibc-2.25/build/elf/rtld-libc.a(rtld-access.os)
 .debug_abbrev  0x0000000000009d24      0x224 /rbd/pnpm-volume/47620bc9-8017-4d86-9aab-1c45b15b7d12/glibc-2.25/build/elf/rtld-libc.a(rtld-fcntl.os)
 .debug_abbrev  0x0000000000009f48       0x14 /rbd/pnpm-volume/47620bc9-8017-4d86-9aab-1c45b15b7d12/glibc-2.25/build/elf/rtld-libc.a(rtld-close.os)
 .debug_abbrev  0x0000000000009f5c      0x2d3 /rbd/pnpm-volume/47620bc9-8017-4d86-9aab-1c45b15b7d12/glibc-2.25/build/elf/rtld-libc.a(rtld-mmap.os)
 .debug_abbrev  0x000000000000a22f       0x14 /rbd/pnpm-volume/47620bc9-8017-4d86-9aab-1c45b15b7d12/glibc-2.25/build/elf/rtld-libc.a(rtld-munmap.os)
 .debug_abbrev  0x000000000000a243       0x14 /rbd/pnpm-volume/47620bc9-8017-4d86-9aab-1c45b15b7d12/glibc-2.25/build/elf/rtld-libc.a(rtld-mprotect.os)
 .debug_abbrev  0x000000000000a257       0x14 /rbd/pnpm-volume/47620bc9-8017-4d86-9aab-1c45b15b7d12/glibc-2.25/build/elf/rtld-libc.a(rtld-uname.os)
 .debug_abbrev  0x000000000000a26b      0x14d /rbd/pnpm-volume/47620bc9-8017-4d86-9aab-1c45b15b7d12/glibc-2.25/build/elf/rtld-libc.a(rtld-_exit.os)
 .debug_abbrev  0x000000000000a3b8       0x14 /rbd/pnpm-volume/47620bc9-8017-4d86-9aab-1c45b15b7d12/glibc-2.25/build/elf/rtld-libc.a(rtld-getpid.os)
 .debug_abbrev  0x000000000000a3cc       0x53 /rbd/pnpm-volume/47620bc9-8017-4d86-9aab-1c45b15b7d12/glibc-2.25/build/elf/rtld-libc.a(rtld-environ.os)
 .debug_abbrev  0x000000000000a41f       0x14 /rbd/pnpm-volume/47620bc9-8017-4d86-9aab-1c45b15b7d12/glibc-2.25/build/elf/rtld-libc.a(rtld-setjmp.os)
 .debug_abbrev  0x000000000000a433       0x14 /rbd/pnpm-volume/47620bc9-8017-4d86-9aab-1c45b15b7d12/glibc-2.25/build/elf/rtld-libc.a(rtld-__longjmp.os)
 .debug_abbrev  0x000000000000a447      0x1de /rbd/pnpm-volume/47620bc9-8017-4d86-9aab-1c45b15b7d12/glibc-2.25/build/elf/rtld-libc.a(rtld-sigaction.os)
 .debug_abbrev  0x000000000000a625       0x14 /rbd/pnpm-volume/47620bc9-8017-4d86-9aab-1c45b15b7d12/glibc-2.25/build/elf/rtld-libc.a(rtld-strchr.os)
 .debug_abbrev  0x000000000000a639       0x14 /rbd/pnpm-volume/47620bc9-8017-4d86-9aab-1c45b15b7d12/glibc-2.25/build/elf/rtld-libc.a(rtld-strcmp.os)
 .debug_abbrev  0x000000000000a64d       0xde /rbd/pnpm-volume/47620bc9-8017-4d86-9aab-1c45b15b7d12/glibc-2.25/build/elf/rtld-libc.a(rtld-strdup.os)
 .debug_abbrev  0x000000000000a72b       0x14 /rbd/pnpm-volume/47620bc9-8017-4d86-9aab-1c45b15b7d12/glibc-2.25/build/elf/rtld-libc.a(rtld-strlen.os)
 .debug_abbrev  0x000000000000a73f       0x14 /rbd/pnpm-volume/47620bc9-8017-4d86-9aab-1c45b15b7d12/glibc-2.25/build/elf/rtld-libc.a(rtld-strnlen.os)
 .debug_abbrev  0x000000000000a753       0x14 /rbd/pnpm-volume/47620bc9-8017-4d86-9aab-1c45b15b7d12/glibc-2.25/build/elf/rtld-libc.a(rtld-memchr.os)
 .debug_abbrev  0x000000000000a767       0x14 /rbd/pnpm-volume/47620bc9-8017-4d86-9aab-1c45b15b7d12/glibc-2.25/build/elf/rtld-libc.a(rtld-memcmp.os)
 .debug_abbrev  0x000000000000a77b       0x14 /rbd/pnpm-volume/47620bc9-8017-4d86-9aab-1c45b15b7d12/glibc-2.25/build/elf/rtld-libc.a(rtld-memmove.os)
 .debug_abbrev  0x000000000000a78f       0x14 /rbd/pnpm-volume/47620bc9-8017-4d86-9aab-1c45b15b7d12/glibc-2.25/build/elf/rtld-libc.a(rtld-memset.os)
 .debug_abbrev  0x000000000000a7a3       0x14 /rbd/pnpm-volume/47620bc9-8017-4d86-9aab-1c45b15b7d12/glibc-2.25/build/elf/rtld-libc.a(rtld-stpcpy.os)
 .debug_abbrev  0x000000000000a7b7       0x14 /rbd/pnpm-volume/47620bc9-8017-4d86-9aab-1c45b15b7d12/glibc-2.25/build/elf/rtld-libc.a(rtld-rawmemchr.os)
 .debug_abbrev  0x000000000000a7cb       0x14 /rbd/pnpm-volume/47620bc9-8017-4d86-9aab-1c45b15b7d12/glibc-2.25/build/elf/rtld-libc.a(rtld-setitimer.os)

.debug_line     0x0000000000000000     0xe601
 *(.debug_line .debug_line.* .debug_line_end)
 .debug_line    0x0000000000000000     0xb08d /rbd/pnpm-volume/47620bc9-8017-4d86-9aab-1c45b15b7d12/glibc-2.25/build/elf/dl-allobjs.os
 .debug_line    0x000000000000b08d      0x22e /rbd/pnpm-volume/47620bc9-8017-4d86-9aab-1c45b15b7d12/glibc-2.25/build/elf/rtld-libc.a(rtld-check_fds.os)
 .debug_line    0x000000000000b2bb       0xc2 /rbd/pnpm-volume/47620bc9-8017-4d86-9aab-1c45b15b7d12/glibc-2.25/build/elf/rtld-libc.a(rtld-errno.os)
 .debug_line    0x000000000000b37d      0x1fd /rbd/pnpm-volume/47620bc9-8017-4d86-9aab-1c45b15b7d12/glibc-2.25/build/elf/rtld-libc.a(rtld-closedir.os)
 .debug_line    0x000000000000b57a      0x217 /rbd/pnpm-volume/47620bc9-8017-4d86-9aab-1c45b15b7d12/glibc-2.25/build/elf/rtld-libc.a(rtld-readdir.os)
 .debug_line    0x000000000000b791      0x1d9 /rbd/pnpm-volume/47620bc9-8017-4d86-9aab-1c45b15b7d12/glibc-2.25/build/elf/rtld-libc.a(rtld-rewinddir.os)
 .debug_line    0x000000000000b96a      0x1e8 /rbd/pnpm-volume/47620bc9-8017-4d86-9aab-1c45b15b7d12/glibc-2.25/build/elf/rtld-libc.a(rtld-getdents.os)
 .debug_line    0x000000000000bb52      0x2c1 /rbd/pnpm-volume/47620bc9-8017-4d86-9aab-1c45b15b7d12/glibc-2.25/build/elf/rtld-libc.a(rtld-fdopendir.os)
 .debug_line    0x000000000000be13      0x1be /rbd/pnpm-volume/47620bc9-8017-4d86-9aab-1c45b15b7d12/glibc-2.25/build/elf/rtld-libc.a(rtld-dl-addr-obj.os)
 .debug_line    0x000000000000bfd1      0x2fd /rbd/pnpm-volume/47620bc9-8017-4d86-9aab-1c45b15b7d12/glibc-2.25/build/elf/rtld-libc.a(rtld-profil.os)
 .debug_line    0x000000000000c2ce      0x241 /rbd/pnpm-volume/47620bc9-8017-4d86-9aab-1c45b15b7d12/glibc-2.25/build/elf/rtld-libc.a(rtld-prof-freq.os)
 .debug_line    0x000000000000c50f      0x1ce /rbd/pnpm-volume/47620bc9-8017-4d86-9aab-1c45b15b7d12/glibc-2.25/build/elf/rtld-libc.a(rtld-xstat.os)
 .debug_line    0x000000000000c6dd      0x1cf /rbd/pnpm-volume/47620bc9-8017-4d86-9aab-1c45b15b7d12/glibc-2.25/build/elf/rtld-libc.a(rtld-fxstat.os)
 .debug_line    0x000000000000c8ac      0x1cf /rbd/pnpm-volume/47620bc9-8017-4d86-9aab-1c45b15b7d12/glibc-2.25/build/elf/rtld-libc.a(rtld-lxstat.os)
 .debug_line    0x000000000000ca7b       0x59 /rbd/pnpm-volume/47620bc9-8017-4d86-9aab-1c45b15b7d12/glibc-2.25/build/elf/rtld-libc.a(rtld-open.os)
 .debug_line    0x000000000000cad4       0x59 /rbd/pnpm-volume/47620bc9-8017-4d86-9aab-1c45b15b7d12/glibc-2.25/build/elf/rtld-libc.a(rtld-read.os)
 .debug_line    0x000000000000cb2d       0x59 /rbd/pnpm-volume/47620bc9-8017-4d86-9aab-1c45b15b7d12/glibc-2.25/build/elf/rtld-libc.a(rtld-write.os)
 .debug_line    0x000000000000cb86      0x145 /rbd/pnpm-volume/47620bc9-8017-4d86-9aab-1c45b15b7d12/glibc-2.25/build/elf/rtld-libc.a(rtld-lseek64.os)
 .debug_line    0x000000000000cccb      0x16c /rbd/pnpm-volume/47620bc9-8017-4d86-9aab-1c45b15b7d12/glibc-2.25/build/elf/rtld-libc.a(rtld-access.os)
 .debug_line    0x000000000000ce37      0x1b5 /rbd/pnpm-volume/47620bc9-8017-4d86-9aab-1c45b15b7d12/glibc-2.25/build/elf/rtld-libc.a(rtld-fcntl.os)
 .debug_line    0x000000000000cfec       0x59 /rbd/pnpm-volume/47620bc9-8017-4d86-9aab-1c45b15b7d12/glibc-2.25/build/elf/rtld-libc.a(rtld-close.os)
 .debug_line    0x000000000000d045      0x27a /rbd/pnpm-volume/47620bc9-8017-4d86-9aab-1c45b15b7d12/glibc-2.25/build/elf/rtld-libc.a(rtld-mmap.os)
 .debug_line    0x000000000000d2bf       0x59 /rbd/pnpm-volume/47620bc9-8017-4d86-9aab-1c45b15b7d12/glibc-2.25/build/elf/rtld-libc.a(rtld-munmap.os)
 .debug_line    0x000000000000d318       0x59 /rbd/pnpm-volume/47620bc9-8017-4d86-9aab-1c45b15b7d12/glibc-2.25/build/elf/rtld-libc.a(rtld-mprotect.os)
 .debug_line    0x000000000000d371       0x59 /rbd/pnpm-volume/47620bc9-8017-4d86-9aab-1c45b15b7d12/glibc-2.25/build/elf/rtld-libc.a(rtld-uname.os)
 .debug_line    0x000000000000d3ca      0x12d /rbd/pnpm-volume/47620bc9-8017-4d86-9aab-1c45b15b7d12/glibc-2.25/build/elf/rtld-libc.a(rtld-_exit.os)
 .debug_line    0x000000000000d4f7       0x58 /rbd/pnpm-volume/47620bc9-8017-4d86-9aab-1c45b15b7d12/glibc-2.25/build/elf/rtld-libc.a(rtld-getpid.os)
 .debug_line    0x000000000000d54f       0x41 /rbd/pnpm-volume/47620bc9-8017-4d86-9aab-1c45b15b7d12/glibc-2.25/build/elf/rtld-libc.a(rtld-environ.os)
 .debug_line    0x000000000000d590       0x5f /rbd/pnpm-volume/47620bc9-8017-4d86-9aab-1c45b15b7d12/glibc-2.25/build/elf/rtld-libc.a(rtld-setjmp.os)
 .debug_line    0x000000000000d5ef       0x61 /rbd/pnpm-volume/47620bc9-8017-4d86-9aab-1c45b15b7d12/glibc-2.25/build/elf/rtld-libc.a(rtld-__longjmp.os)
 .debug_line    0x000000000000d650      0x26b /rbd/pnpm-volume/47620bc9-8017-4d86-9aab-1c45b15b7d12/glibc-2.25/build/elf/rtld-libc.a(rtld-sigaction.os)
 .debug_line    0x000000000000d8bb       0xde /rbd/pnpm-volume/47620bc9-8017-4d86-9aab-1c45b15b7d12/glibc-2.25/build/elf/rtld-libc.a(rtld-strchr.os)
 .debug_line    0x000000000000d999      0x49c /rbd/pnpm-volume/47620bc9-8017-4d86-9aab-1c45b15b7d12/glibc-2.25/build/elf/rtld-libc.a(rtld-strcmp.os)
 .debug_line    0x000000000000de35       0xa5 /rbd/pnpm-volume/47620bc9-8017-4d86-9aab-1c45b15b7d12/glibc-2.25/build/elf/rtld-libc.a(rtld-strdup.os)
 .debug_line    0x000000000000deda       0x98 /rbd/pnpm-volume/47620bc9-8017-4d86-9aab-1c45b15b7d12/glibc-2.25/build/elf/rtld-libc.a(rtld-strlen.os)
 .debug_line    0x000000000000df72       0x98 /rbd/pnpm-volume/47620bc9-8017-4d86-9aab-1c45b15b7d12/glibc-2.25/build/elf/rtld-libc.a(rtld-strnlen.os)
 .debug_line    0x000000000000e00a      0x11a /rbd/pnpm-volume/47620bc9-8017-4d86-9aab-1c45b15b7d12/glibc-2.25/build/elf/rtld-libc.a(rtld-memchr.os)
 .debug_line    0x000000000000e124      0x159 /rbd/pnpm-volume/47620bc9-8017-4d86-9aab-1c45b15b7d12/glibc-2.25/build/elf/rtld-libc.a(rtld-memcmp.os)
 .debug_line    0x000000000000e27d      0x109 /rbd/pnpm-volume/47620bc9-8017-4d86-9aab-1c45b15b7d12/glibc-2.25/build/elf/rtld-libc.a(rtld-memmove.os)
 .debug_line    0x000000000000e386       0xb8 /rbd/pnpm-volume/47620bc9-8017-4d86-9aab-1c45b15b7d12/glibc-2.25/build/elf/rtld-libc.a(rtld-memset.os)
 .debug_line    0x000000000000e43e       0xa2 /rbd/pnpm-volume/47620bc9-8017-4d86-9aab-1c45b15b7d12/glibc-2.25/build/elf/rtld-libc.a(rtld-stpcpy.os)
 .debug_line    0x000000000000e4e0       0xc8 /rbd/pnpm-volume/47620bc9-8017-4d86-9aab-1c45b15b7d12/glibc-2.25/build/elf/rtld-libc.a(rtld-rawmemchr.os)
 .debug_line    0x000000000000e5a8       0x59 /rbd/pnpm-volume/47620bc9-8017-4d86-9aab-1c45b15b7d12/glibc-2.25/build/elf/rtld-libc.a(rtld-setitimer.os)

.debug_frame
 *(.debug_frame)

.debug_str      0x0000000000000000    0x36be9
 *(.debug_str)
 .debug_str     0x0000000000000000    0x2e528 /rbd/pnpm-volume/47620bc9-8017-4d86-9aab-1c45b15b7d12/glibc-2.25/build/elf/dl-allobjs.os
 .debug_str     0x000000000002e528      0x5c5 /rbd/pnpm-volume/47620bc9-8017-4d86-9aab-1c45b15b7d12/glibc-2.25/build/elf/rtld-libc.a(rtld-check_fds.os)
 .debug_str     0x000000000002eaed      0x3d5 /rbd/pnpm-volume/47620bc9-8017-4d86-9aab-1c45b15b7d12/glibc-2.25/build/elf/rtld-libc.a(rtld-errno.os)
 .debug_str     0x000000000002eec2      0x550 /rbd/pnpm-volume/47620bc9-8017-4d86-9aab-1c45b15b7d12/glibc-2.25/build/elf/rtld-libc.a(rtld-closedir.os)
 .debug_str     0x000000000002f412      0x5be /rbd/pnpm-volume/47620bc9-8017-4d86-9aab-1c45b15b7d12/glibc-2.25/build/elf/rtld-libc.a(rtld-readdir.os)
 .debug_str     0x000000000002f9d0      0x539 /rbd/pnpm-volume/47620bc9-8017-4d86-9aab-1c45b15b7d12/glibc-2.25/build/elf/rtld-libc.a(rtld-rewinddir.os)
 .debug_str     0x000000000002ff09      0x52f /rbd/pnpm-volume/47620bc9-8017-4d86-9aab-1c45b15b7d12/glibc-2.25/build/elf/rtld-libc.a(rtld-getdents.os)
 .debug_str     0x0000000000030438      0x67e /rbd/pnpm-volume/47620bc9-8017-4d86-9aab-1c45b15b7d12/glibc-2.25/build/elf/rtld-libc.a(rtld-fdopendir.os)
 .debug_str     0x0000000000030ab6      0xa45 /rbd/pnpm-volume/47620bc9-8017-4d86-9aab-1c45b15b7d12/glibc-2.25/build/elf/rtld-libc.a(rtld-dl-addr-obj.os)
 .debug_str     0x00000000000314fb      0x790 /rbd/pnpm-volume/47620bc9-8017-4d86-9aab-1c45b15b7d12/glibc-2.25/build/elf/rtld-libc.a(rtld-profil.os)
 .debug_str     0x0000000000031c8b     0x1105 /rbd/pnpm-volume/47620bc9-8017-4d86-9aab-1c45b15b7d12/glibc-2.25/build/elf/rtld-libc.a(rtld-prof-freq.os)
 .debug_str     0x0000000000032d90      0x53e /rbd/pnpm-volume/47620bc9-8017-4d86-9aab-1c45b15b7d12/glibc-2.25/build/elf/rtld-libc.a(rtld-xstat.os)
 .debug_str     0x00000000000332ce      0x53c /rbd/pnpm-volume/47620bc9-8017-4d86-9aab-1c45b15b7d12/glibc-2.25/build/elf/rtld-libc.a(rtld-fxstat.os)
 .debug_str     0x000000000003380a      0x541 /rbd/pnpm-volume/47620bc9-8017-4d86-9aab-1c45b15b7d12/glibc-2.25/build/elf/rtld-libc.a(rtld-lxstat.os)
 .debug_str     0x0000000000033d4b      0x485 /rbd/pnpm-volume/47620bc9-8017-4d86-9aab-1c45b15b7d12/glibc-2.25/build/elf/rtld-libc.a(rtld-lseek64.os)
 .debug_str     0x00000000000341d0      0x4db /rbd/pnpm-volume/47620bc9-8017-4d86-9aab-1c45b15b7d12/glibc-2.25/build/elf/rtld-libc.a(rtld-access.os)
 .debug_str     0x00000000000346ab      0x548 /rbd/pnpm-volume/47620bc9-8017-4d86-9aab-1c45b15b7d12/glibc-2.25/build/elf/rtld-libc.a(rtld-fcntl.os)
 .debug_str     0x0000000000034bf3     0x1156 /rbd/pnpm-volume/47620bc9-8017-4d86-9aab-1c45b15b7d12/glibc-2.25/build/elf/rtld-libc.a(rtld-mmap.os)
 .debug_str     0x0000000000035d49      0x44a /rbd/pnpm-volume/47620bc9-8017-4d86-9aab-1c45b15b7d12/glibc-2.25/build/elf/rtld-libc.a(rtld-_exit.os)
 .debug_str     0x0000000000036193      0x1d1 /rbd/pnpm-volume/47620bc9-8017-4d86-9aab-1c45b15b7d12/glibc-2.25/build/elf/rtld-libc.a(rtld-environ.os)
 .debug_str     0x0000000000036364      0x6c2 /rbd/pnpm-volume/47620bc9-8017-4d86-9aab-1c45b15b7d12/glibc-2.25/build/elf/rtld-libc.a(rtld-sigaction.os)
 .debug_str     0x0000000000036a26      0x1c3 /rbd/pnpm-volume/47620bc9-8017-4d86-9aab-1c45b15b7d12/glibc-2.25/build/elf/rtld-libc.a(rtld-strdup.os)

.debug_loc      0x0000000000000000    0x305c8
 *(.debug_loc)
 .debug_loc     0x0000000000000000    0x2e365 /rbd/pnpm-volume/47620bc9-8017-4d86-9aab-1c45b15b7d12/glibc-2.25/build/elf/dl-allobjs.os
 .debug_loc     0x000000000002e365      0x1fb /rbd/pnpm-volume/47620bc9-8017-4d86-9aab-1c45b15b7d12/glibc-2.25/build/elf/rtld-libc.a(rtld-check_fds.os)
 .debug_loc     0x000000000002e560      0x141 /rbd/pnpm-volume/47620bc9-8017-4d86-9aab-1c45b15b7d12/glibc-2.25/build/elf/rtld-libc.a(rtld-closedir.os)
 .debug_loc     0x000000000002e6a1      0x1d8 /rbd/pnpm-volume/47620bc9-8017-4d86-9aab-1c45b15b7d12/glibc-2.25/build/elf/rtld-libc.a(rtld-readdir.os)
 .debug_loc     0x000000000002e879       0x4c /rbd/pnpm-volume/47620bc9-8017-4d86-9aab-1c45b15b7d12/glibc-2.25/build/elf/rtld-libc.a(rtld-rewinddir.os)
 .debug_loc     0x000000000002e8c5      0x321 /rbd/pnpm-volume/47620bc9-8017-4d86-9aab-1c45b15b7d12/glibc-2.25/build/elf/rtld-libc.a(rtld-getdents.os)
 .debug_loc     0x000000000002ebe6       0xbe /rbd/pnpm-volume/47620bc9-8017-4d86-9aab-1c45b15b7d12/glibc-2.25/build/elf/rtld-libc.a(rtld-fdopendir.os)
 .debug_loc     0x000000000002eca4       0x65 /rbd/pnpm-volume/47620bc9-8017-4d86-9aab-1c45b15b7d12/glibc-2.25/build/elf/rtld-libc.a(rtld-dl-addr-obj.os)